// Jest Snapshot v1, https://goo.gl/fbAQLP

exports[`should match ESLint Flat Configuration snapshot: node 1`] = `
{
  "languageOptions": {
    "ecmaVersion": 2025,
    "globals": {
      "AggregateError": false,
      "Array": false,
      "ArrayBuffer": false,
      "Atomics": false,
      "BigInt": false,
      "BigInt64Array": false,
      "BigUint64Array": false,
      "Boolean": false,
      "DataView": false,
      "Date": false,
      "Error": false,
      "EvalError": false,
      "FinalizationRegistry": false,
      "Float32Array": false,
      "Float64Array": false,
      "Function": false,
      "Infinity": false,
      "Int16Array": false,
      "Int32Array": false,
      "Int8Array": false,
      "Intl": false,
      "JSON": false,
      "Map": false,
      "Math": false,
      "NaN": false,
      "Number": false,
      "Object": false,
      "Promise": false,
      "Proxy": false,
      "RangeError": false,
      "ReferenceError": false,
      "Reflect": false,
      "RegExp": false,
      "Set": false,
      "SharedArrayBuffer": false,
      "String": false,
      "Symbol": false,
      "SyntaxError": false,
      "TypeError": false,
      "URIError": false,
      "Uint16Array": false,
      "Uint32Array": false,
      "Uint8Array": false,
      "Uint8ClampedArray": false,
      "WeakMap": false,
      "WeakRef": false,
      "WeakSet": false,
      "decodeURI": false,
      "decodeURIComponent": false,
      "encodeURI": false,
      "encodeURIComponent": false,
      "escape": false,
      "eval": false,
      "globalThis": false,
      "isFinite": false,
      "isNaN": false,
      "parseFloat": false,
      "parseInt": false,
      "undefined": false,
      "unescape": false,
    },
    "parser": {
      "Syntax": {
        "ArrayExpression": "ArrayExpression",
        "ArrayPattern": "ArrayPattern",
        "ArrowFunctionExpression": "ArrowFunctionExpression",
        "AssignmentExpression": "AssignmentExpression",
        "AssignmentPattern": "AssignmentPattern",
        "AwaitExpression": "AwaitExpression",
        "BinaryExpression": "BinaryExpression",
        "BlockStatement": "BlockStatement",
        "BreakStatement": "BreakStatement",
        "CallExpression": "CallExpression",
        "CatchClause": "CatchClause",
        "ChainExpression": "ChainExpression",
        "ClassBody": "ClassBody",
        "ClassDeclaration": "ClassDeclaration",
        "ClassExpression": "ClassExpression",
        "ConditionalExpression": "ConditionalExpression",
        "ContinueStatement": "ContinueStatement",
        "DebuggerStatement": "DebuggerStatement",
        "DoWhileStatement": "DoWhileStatement",
        "EmptyStatement": "EmptyStatement",
        "ExperimentalRestProperty": "ExperimentalRestProperty",
        "ExperimentalSpreadProperty": "ExperimentalSpreadProperty",
        "ExportAllDeclaration": "ExportAllDeclaration",
        "ExportDefaultDeclaration": "ExportDefaultDeclaration",
        "ExportNamedDeclaration": "ExportNamedDeclaration",
        "ExportSpecifier": "ExportSpecifier",
        "ExpressionStatement": "ExpressionStatement",
        "ForInStatement": "ForInStatement",
        "ForOfStatement": "ForOfStatement",
        "ForStatement": "ForStatement",
        "FunctionDeclaration": "FunctionDeclaration",
        "FunctionExpression": "FunctionExpression",
        "Identifier": "Identifier",
        "IfStatement": "IfStatement",
        "ImportAttribute": "ImportAttribute",
        "ImportDeclaration": "ImportDeclaration",
        "ImportDefaultSpecifier": "ImportDefaultSpecifier",
        "ImportExpression": "ImportExpression",
        "ImportNamespaceSpecifier": "ImportNamespaceSpecifier",
        "ImportSpecifier": "ImportSpecifier",
        "JSXAttribute": "JSXAttribute",
        "JSXClosingElement": "JSXClosingElement",
        "JSXClosingFragment": "JSXClosingFragment",
        "JSXElement": "JSXElement",
        "JSXEmptyExpression": "JSXEmptyExpression",
        "JSXExpressionContainer": "JSXExpressionContainer",
        "JSXFragment": "JSXFragment",
        "JSXIdentifier": "JSXIdentifier",
        "JSXMemberExpression": "JSXMemberExpression",
        "JSXNamespacedName": "JSXNamespacedName",
        "JSXOpeningElement": "JSXOpeningElement",
        "JSXOpeningFragment": "JSXOpeningFragment",
        "JSXSpreadAttribute": "JSXSpreadAttribute",
        "JSXSpreadChild": "JSXSpreadChild",
        "JSXText": "JSXText",
        "LabeledStatement": "LabeledStatement",
        "Literal": "Literal",
        "LogicalExpression": "LogicalExpression",
        "MemberExpression": "MemberExpression",
        "MetaProperty": "MetaProperty",
        "MethodDefinition": "MethodDefinition",
        "NewExpression": "NewExpression",
        "ObjectExpression": "ObjectExpression",
        "ObjectPattern": "ObjectPattern",
        "PrivateIdentifier": "PrivateIdentifier",
        "Program": "Program",
        "Property": "Property",
        "PropertyDefinition": "PropertyDefinition",
        "RestElement": "RestElement",
        "ReturnStatement": "ReturnStatement",
        "SequenceExpression": "SequenceExpression",
        "SpreadElement": "SpreadElement",
        "StaticBlock": "StaticBlock",
        "Super": "Super",
        "SwitchCase": "SwitchCase",
        "SwitchStatement": "SwitchStatement",
        "TaggedTemplateExpression": "TaggedTemplateExpression",
        "TemplateElement": "TemplateElement",
        "TemplateLiteral": "TemplateLiteral",
        "ThisExpression": "ThisExpression",
        "ThrowStatement": "ThrowStatement",
        "TryStatement": "TryStatement",
        "UnaryExpression": "UnaryExpression",
        "UpdateExpression": "UpdateExpression",
        "VariableDeclaration": "VariableDeclaration",
        "VariableDeclarator": "VariableDeclarator",
        "WhileStatement": "WhileStatement",
        "WithStatement": "WithStatement",
        "YieldExpression": "YieldExpression",
      },
      "VisitorKeys": {
        "ArrayExpression": [
          "elements",
        ],
        "ArrayPattern": [
          "elements",
        ],
        "ArrowFunctionExpression": [
          "params",
          "body",
        ],
        "AssignmentExpression": [
          "left",
          "right",
        ],
        "AssignmentPattern": [
          "left",
          "right",
        ],
        "AwaitExpression": [
          "argument",
        ],
        "BinaryExpression": [
          "left",
          "right",
        ],
        "BlockStatement": [
          "body",
        ],
        "BreakStatement": [
          "label",
        ],
        "CallExpression": [
          "callee",
          "arguments",
        ],
        "CatchClause": [
          "param",
          "body",
        ],
        "ChainExpression": [
          "expression",
        ],
        "ClassBody": [
          "body",
        ],
        "ClassDeclaration": [
          "id",
          "superClass",
          "body",
        ],
        "ClassExpression": [
          "id",
          "superClass",
          "body",
        ],
        "ConditionalExpression": [
          "test",
          "consequent",
          "alternate",
        ],
        "ContinueStatement": [
          "label",
        ],
        "DebuggerStatement": [],
        "DoWhileStatement": [
          "body",
          "test",
        ],
        "EmptyStatement": [],
        "ExperimentalRestProperty": [
          "argument",
        ],
        "ExperimentalSpreadProperty": [
          "argument",
        ],
        "ExportAllDeclaration": [
          "exported",
          "source",
          "attributes",
        ],
        "ExportDefaultDeclaration": [
          "declaration",
        ],
        "ExportNamedDeclaration": [
          "declaration",
          "specifiers",
          "source",
          "attributes",
        ],
        "ExportSpecifier": [
          "exported",
          "local",
        ],
        "ExpressionStatement": [
          "expression",
        ],
        "ForInStatement": [
          "left",
          "right",
          "body",
        ],
        "ForOfStatement": [
          "left",
          "right",
          "body",
        ],
        "ForStatement": [
          "init",
          "test",
          "update",
          "body",
        ],
        "FunctionDeclaration": [
          "id",
          "params",
          "body",
        ],
        "FunctionExpression": [
          "id",
          "params",
          "body",
        ],
        "Identifier": [],
        "IfStatement": [
          "test",
          "consequent",
          "alternate",
        ],
        "ImportAttribute": [
          "key",
          "value",
        ],
        "ImportDeclaration": [
          "specifiers",
          "source",
          "attributes",
        ],
        "ImportDefaultSpecifier": [
          "local",
        ],
        "ImportExpression": [
          "source",
          "options",
        ],
        "ImportNamespaceSpecifier": [
          "local",
        ],
        "ImportSpecifier": [
          "imported",
          "local",
        ],
        "JSXAttribute": [
          "name",
          "value",
        ],
        "JSXClosingElement": [
          "name",
        ],
        "JSXClosingFragment": [],
        "JSXElement": [
          "openingElement",
          "children",
          "closingElement",
        ],
        "JSXEmptyExpression": [],
        "JSXExpressionContainer": [
          "expression",
        ],
        "JSXFragment": [
          "openingFragment",
          "children",
          "closingFragment",
        ],
        "JSXIdentifier": [],
        "JSXMemberExpression": [
          "object",
          "property",
        ],
        "JSXNamespacedName": [
          "namespace",
          "name",
        ],
        "JSXOpeningElement": [
          "name",
          "attributes",
        ],
        "JSXOpeningFragment": [],
        "JSXSpreadAttribute": [
          "argument",
        ],
        "JSXSpreadChild": [
          "expression",
        ],
        "JSXText": [],
        "LabeledStatement": [
          "label",
          "body",
        ],
        "Literal": [],
        "LogicalExpression": [
          "left",
          "right",
        ],
        "MemberExpression": [
          "object",
          "property",
        ],
        "MetaProperty": [
          "meta",
          "property",
        ],
        "MethodDefinition": [
          "key",
          "value",
        ],
        "NewExpression": [
          "callee",
          "arguments",
        ],
        "ObjectExpression": [
          "properties",
        ],
        "ObjectPattern": [
          "properties",
        ],
        "PrivateIdentifier": [],
        "Program": [
          "body",
        ],
        "Property": [
          "key",
          "value",
        ],
        "PropertyDefinition": [
          "key",
          "value",
        ],
        "RestElement": [
          "argument",
        ],
        "ReturnStatement": [
          "argument",
        ],
        "SequenceExpression": [
          "expressions",
        ],
        "SpreadElement": [
          "argument",
        ],
        "StaticBlock": [
          "body",
        ],
        "Super": [],
        "SwitchCase": [
          "test",
          "consequent",
        ],
        "SwitchStatement": [
          "discriminant",
          "cases",
        ],
        "TaggedTemplateExpression": [
          "tag",
          "quasi",
        ],
        "TemplateElement": [],
        "TemplateLiteral": [
          "quasis",
          "expressions",
        ],
        "ThisExpression": [],
        "ThrowStatement": [
          "argument",
        ],
        "TryStatement": [
          "block",
          "handler",
          "finalizer",
        ],
        "UnaryExpression": [
          "argument",
        ],
        "UpdateExpression": [
          "argument",
        ],
        "VariableDeclaration": [
          "declarations",
        ],
        "VariableDeclarator": [
          "id",
          "init",
        ],
        "WhileStatement": [
          "test",
          "body",
        ],
        "WithStatement": [
          "object",
          "body",
        ],
        "YieldExpression": [
          "argument",
        ],
      },
      "latestEcmaVersion": 16,
      "name": "espree",
      "parse": [Function],
      "supportedEcmaVersions": [
        3,
        5,
        6,
        7,
        8,
        9,
        10,
        11,
        12,
        13,
        14,
        15,
        16,
      ],
      "tokenize": [Function],
      "version": "10.3.0",
    },
    "parserOptions": {
      "ecmaVersion": "latest",
      "sourceType": "module",
    },
    "sourceType": "module",
  },
  "rules": {
    "accessor-pairs": [
      0,
      {
        "enforceForClassMembers": true,
        "getWithoutSet": false,
        "setWithoutGet": true,
      },
    ],
    "array-bracket-newline": [
      0,
      "consistent",
    ],
    "array-callback-return": [
      2,
      {
        "allowImplicit": true,
        "allowVoid": false,
        "checkForEach": false,
      },
    ],
    "arrow-body-style": [
      2,
      "as-needed",
      {
        "requireReturnForObjectLiteral": false,
      },
    ],
    "arrow-parens": [
      2,
      "always",
    ],
    "block-scoped-var": [
      2,
    ],
    "camelcase": [
      2,
      {
        "allow": [],
        "ignoreDestructuring": false,
        "ignoreGlobals": false,
        "ignoreImports": false,
        "properties": "never",
      },
    ],
    "capitalized-comments": [
      0,
      "never",
      {
        "block": {
          "ignoreConsecutiveComments": true,
          "ignoreInlineComments": true,
          "ignorePattern": ".*",
        },
        "line": {
          "ignoreConsecutiveComments": true,
          "ignoreInlineComments": true,
          "ignorePattern": ".*",
        },
      },
    ],
    "class-methods-use-this": [
      2,
      {
        "enforceForClassFields": true,
        "exceptMethods": [],
      },
    ],
    "complexity": [
      0,
      20,
    ],
    "consistent-return": [
      0,
      {
        "treatUndefinedAsUnspecified": false,
      },
    ],
    "consistent-this": [
      0,
      "that",
    ],
    "constructor-super": [
      2,
    ],
    "curly": [
      2,
      "multi-line",
    ],
    "default-case": [
      0,
      {},
    ],
    "default-case-last": [
      2,
    ],
    "default-param-last": [
      2,
    ],
    "dot-notation": [
      2,
      {
        "allowKeywords": true,
        "allowPattern": "",
      },
    ],
    "eqeqeq": [
      2,
      "always",
      {
        "null": "ignore",
      },
    ],
    "for-direction": [
      2,
    ],
    "func-name-matching": [
      0,
      "always",
      {
        "considerPropertyDescriptor": true,
        "includeCommonJSModuleExports": false,
      },
    ],
    "func-names": [
      2,
      "as-needed",
      {},
    ],
    "func-style": [
      0,
      "expression",
      {
        "allowArrowFunctions": false,
        "overrides": {},
      },
    ],
    "getter-return": [
      2,
      {
        "allowImplicit": true,
      },
    ],
    "grouped-accessor-pairs": [
      2,
      "anyOrder",
    ],
    "guard-for-in": [
      2,
    ],
    "id-denylist": [
      0,
    ],
    "id-length": [
      0,
      {
        "exceptionPatterns": [],
        "exceptions": [],
        "min": 2,
        "properties": "always",
      },
    ],
    "id-match": [
      0,
      "^.+$",
      {
        "classFields": false,
        "ignoreDestructuring": false,
        "onlyDeclarations": false,
        "properties": false,
      },
    ],
    "import/consistent-type-specifier-style": [
      2,
      "prefer-inline",
    ],
    "import/default": [
      0,
    ],
    "import/dynamic-import-chunkname": [
      0,
      {
        "importFunctions": [],
        "webpackChunknameFormat": "[0-9a-zA-Z-_/.]+",
      },
    ],
    "import/export": [
      2,
    ],
    "import/exports-last": [
      0,
    ],
    "import/extensions": [
      0,
    ],
    "import/first": [
      2,
    ],
    "import/group-exports": [
      0,
    ],
    "import/max-dependencies": [
      0,
      {
        "max": 10,
      },
    ],
    "import/named": [
      2,
    ],
    "import/namespace": [
      0,
    ],
    "import/newline-after-import": [
      2,
    ],
    "import/no-absolute-path": [
      2,
    ],
    "import/no-amd": [
      2,
    ],
    "import/no-anonymous-default-export": [
      0,
      {
        "allowAnonymousClass": false,
        "allowAnonymousFunction": false,
        "allowArray": false,
        "allowArrowFunction": false,
        "allowLiteral": false,
        "allowObject": false,
      },
    ],
    "import/no-commonjs": [
      0,
    ],
    "import/no-cycle": [
      2,
      {
        "allowUnsafeDynamicCyclicDependency": false,
        "disableScc": false,
        "ignoreExternal": false,
        "maxDepth": "∞",
      },
    ],
    "import/no-default-export": [
      2,
    ],
    "import/no-deprecated": [
      0,
    ],
    "import/no-duplicates": [
      2,
    ],
    "import/no-dynamic-require": [
      2,
    ],
    "import/no-empty-named-blocks": [
      2,
    ],
    "import/no-extraneous-dependencies": [
      2,
      {
        "devDependencies": [
          "test/**",
          "tests/**",
          "spec/**",
          "**/__tests__/**",
          "**/__mocks__/**",
          "test.{js,jsx,ts,tsx}",
          "test-*.{js,jsx,ts,tsx}",
          "**/*{.,_}{test,spec}.{js,jsx,ts,tsx}",
          "**/.eslintrc.js",
          "**/eslint-rules/**",
          "**/.storybook/**",
          "**/*.stories.{js,jsx,ts,tsx,mdx}",
          "**/*.config.*",
          "**/*.conf.*",
          "**/*.setup.*",
        ],
        "optionalDependencies": false,
      },
    ],
    "import/no-import-module-exports": [
      2,
      {
        "exceptions": [],
      },
    ],
    "import/no-internal-modules": [
      0,
      {
        "allow": [],
      },
    ],
    "import/no-mutable-exports": [
      2,
    ],
    "import/no-named-as-default": [
      2,
    ],
    "import/no-named-as-default-member": [
      2,
    ],
    "import/no-named-default": [
      2,
    ],
    "import/no-named-export": [
      0,
    ],
    "import/no-namespace": [
      0,
    ],
    "import/no-nodejs-modules": [
      0,
    ],
    "import/no-relative-packages": [
      2,
    ],
    "import/no-relative-parent-imports": [
      0,
    ],
    "import/no-restricted-paths": [
      0,
    ],
    "import/no-self-import": [
      2,
    ],
    "import/no-unassigned-import": [
      0,
    ],
    "import/no-unresolved": [
      2,
      {
        "caseSensitive": true,
        "caseSensitiveStrict": false,
        "commonjs": true,
      },
    ],
    "import/no-unused-modules": [
      0,
      {
        "ignoreExports": [],
        "missingExports": true,
        "unusedExports": true,
      },
    ],
    "import/no-useless-path-segments": [
      2,
      {
        "commonjs": true,
      },
    ],
    "import/no-webpack-loader-syntax": [
      2,
    ],
    "import/order": [
      2,
      {
        "distinctGroup": true,
        "groups": [
          [
            "builtin",
            "external",
            "internal",
          ],
        ],
        "named": false,
        "warnOnUnassignedImports": false,
      },
    ],
    "import/prefer-default-export": [
      0,
    ],
    "import/unambiguous": [
      0,
    ],
    "init-declarations": [
      0,
    ],
    "logical-assignment-operators": [
      0,
      "always",
      {
        "enforceForIfStatements": true,
      },
    ],
    "max-classes-per-file": [
      2,
      1,
    ],
    "max-depth": [
      0,
      4,
    ],
    "max-lines": [
      0,
      {
        "max": 300,
        "skipBlankLines": true,
        "skipComments": true,
      },
    ],
    "max-lines-per-function": [
      0,
      {
        "IIFEs": true,
        "max": 50,
        "skipBlankLines": true,
        "skipComments": true,
      },
    ],
    "max-nested-callbacks": [
      0,
    ],
    "max-params": [
      0,
      3,
    ],
    "max-statements": [
      0,
      10,
    ],
    "max-statements-per-line": [
      0,
      {
        "max": 1,
      },
    ],
    "n/global-require": [
      2,
    ],
    "n/hashbang": [
      2,
    ],
    "n/no-deprecated-api": [
      2,
    ],
    "n/no-exports-assign": [
      2,
    ],
    "n/no-extraneous-import": [
      2,
    ],
    "n/no-extraneous-require": [
      2,
    ],
    "n/no-missing-import": [
      2,
    ],
    "n/no-missing-require": [
      2,
    ],
    "n/no-new-require": [
      2,
    ],
    "n/no-path-concat": [
      2,
    ],
    "n/no-process-exit": [
      2,
    ],
    "n/no-unpublished-bin": [
      2,
    ],
    "n/no-unpublished-import": [
      2,
    ],
    "n/no-unpublished-require": [
      2,
    ],
    "n/no-unsupported-features/es-builtins": [
      2,
    ],
    "n/no-unsupported-features/es-syntax": [
      2,
      {
        "ignores": [],
      },
    ],
    "n/no-unsupported-features/node-builtins": [
      2,
    ],
    "n/process-exit-as-throw": [
      2,
    ],
    "new-cap": [
      2,
      {
        "capIsNew": false,
        "capIsNewExceptions": [
          "Immutable.Map",
          "Immutable.Set",
          "Immutable.List",
        ],
        "newIsCap": true,
        "newIsCapExceptions": [],
        "properties": true,
      },
    ],
    "no-alert": [
      2,
    ],
    "no-array-constructor": [
      2,
    ],
    "no-async-promise-executor": [
      2,
    ],
    "no-await-in-loop": [
      2,
    ],
    "no-bitwise": [
      2,
      {
        "allow": [],
        "int32Hint": false,
      },
    ],
    "no-caller": [
      2,
    ],
    "no-class-assign": [
      2,
    ],
    "no-compare-neg-zero": [
      2,
    ],
    "no-cond-assign": [
      2,
      "always",
    ],
    "no-console": [
      1,
      {
        "allow": [
          "info",
          "warn",
          "error",
          "time",
          "timeEnd",
        ],
      },
    ],
    "no-const-assign": [
      2,
    ],
    "no-constant-binary-expression": [
      2,
    ],
    "no-constant-condition": [
      2,
      {
        "checkLoops": "allExceptWhileTrue",
      },
    ],
    "no-constructor-return": [
      2,
    ],
    "no-continue": [
      2,
    ],
    "no-control-regex": [
      2,
    ],
    "no-debugger": [
      2,
    ],
    "no-delete-var": [
      2,
    ],
    "no-div-regex": [
      0,
    ],
    "no-dupe-args": [
      2,
    ],
    "no-dupe-class-members": [
      2,
    ],
    "no-dupe-else-if": [
      2,
    ],
    "no-dupe-keys": [
      2,
    ],
    "no-duplicate-case": [
      2,
    ],
    "no-duplicate-imports": [
      0,
      {
        "includeExports": false,
      },
    ],
    "no-else-return": [
      2,
      {
        "allowElseIf": false,
      },
    ],
    "no-empty": [
      2,
      {
        "allowEmptyCatch": false,
      },
    ],
    "no-empty-character-class": [
      2,
    ],
    "no-empty-function": [
      2,
      {
        "allow": [
          "arrowFunctions",
          "functions",
          "methods",
          "constructors",
        ],
      },
    ],
    "no-empty-pattern": [
      2,
      {
        "allowObjectPatternsAsParameters": false,
      },
    ],
    "no-empty-static-block": [
      2,
    ],
    "no-eq-null": [
      0,
    ],
    "no-eval": [
      2,
      {
        "allowIndirect": false,
      },
    ],
    "no-ex-assign": [
      2,
    ],
    "no-extend-native": [
      2,
      {
        "exceptions": [],
      },
    ],
    "no-extra-bind": [
      2,
    ],
    "no-extra-boolean-cast": [
      2,
      {},
    ],
    "no-extra-label": [
      2,
    ],
    "no-fallthrough": [
      2,
      {
        "allowEmptyCase": false,
        "reportUnusedFallthroughComment": false,
      },
    ],
    "no-func-assign": [
      2,
    ],
    "no-global-assign": [
      2,
      {
        "exceptions": [],
      },
    ],
    "no-implicit-coercion": [
      2,
      {
        "allow": [],
        "boolean": false,
        "disallowTemplateShorthand": false,
        "number": true,
        "string": true,
      },
    ],
    "no-implicit-globals": [
      2,
      {
        "lexicalBindings": false,
      },
    ],
    "no-implied-eval": [
      2,
    ],
    "no-import-assign": [
      2,
    ],
    "no-inline-comments": [
      0,
      {},
    ],
    "no-inner-declarations": [
      2,
      "functions",
      {
        "blockScopedFunctions": "allow",
      },
    ],
    "no-invalid-regexp": [
      2,
      {},
    ],
    "no-invalid-this": [
      2,
      {
        "capIsConstructor": true,
      },
    ],
    "no-irregular-whitespace": [
      2,
      {
        "skipComments": false,
        "skipJSXText": false,
        "skipRegExps": false,
        "skipStrings": true,
        "skipTemplates": false,
      },
    ],
    "no-iterator": [
      2,
    ],
    "no-label-var": [
      2,
    ],
    "no-labels": [
      2,
      {
        "allowLoop": false,
        "allowSwitch": false,
      },
    ],
    "no-lone-blocks": [
      2,
    ],
    "no-lonely-if": [
      2,
    ],
    "no-loop-func": [
      2,
    ],
    "no-loss-of-precision": [
      2,
    ],
    "no-magic-numbers": [
      0,
      {
        "detectObjects": false,
        "enforceConst": true,
        "ignore": [],
        "ignoreArrayIndexes": true,
      },
    ],
    "no-misleading-character-class": [
      2,
    ],
    "no-multi-assign": [
      2,
      {
        "ignoreNonDeclaration": false,
      },
    ],
    "no-multi-str": [
      2,
    ],
    "no-negated-condition": [
      0,
    ],
    "no-nested-ternary": [
      0,
    ],
    "no-new": [
      2,
    ],
    "no-new-func": [
      2,
    ],
    "no-new-native-nonconstructor": [
      2,
    ],
    "no-new-wrappers": [
      2,
    ],
    "no-nonoctal-decimal-escape": [
      2,
    ],
    "no-obj-calls": [
      2,
    ],
    "no-object-constructor": [
      2,
    ],
    "no-octal": [
      2,
    ],
    "no-octal-escape": [
      2,
    ],
    "no-param-reassign": [
      2,
      {
        "ignorePropertyModificationsFor": [
          "acc",
          "accumulator",
          "e",
          "ctx",
          "context",
          "req",
          "request",
          "res",
          "response",
          "$scope",
          "staticContext",
        ],
        "props": true,
      },
    ],
    "no-plusplus": [
      2,
      {
        "allowForLoopAfterthoughts": true,
      },
    ],
    "no-promise-executor-return": [
      2,
      {
        "allowVoid": false,
      },
    ],
    "no-proto": [
      2,
    ],
    "no-prototype-builtins": [
      2,
    ],
    "no-regex-spaces": [
      2,
    ],
    "no-restricted-exports": [
      2,
      {
        "restrictedNamedExports": [
          "default",
          "then",
        ],
      },
    ],
    "no-restricted-globals": [
      2,
      {
        "message": "Use Number.isFinite instead.",
        "name": "isFinite",
      },
      {
        "message": "Use Number.isNaN instead.",
        "name": "isNaN",
      },
      {
        "message": "Use window.addEventListener instead.",
        "name": "addEventListener",
      },
      {
        "message": "Use window.blur instead.",
        "name": "blur",
      },
      {
        "message": "Use window.close instead.",
        "name": "close",
      },
      {
        "message": "Use window.closed instead.",
        "name": "closed",
      },
      {
        "message": "Use window.confirm instead.",
        "name": "confirm",
      },
      {
        "message": "Use window.defaultStatus instead.",
        "name": "defaultStatus",
      },
      {
        "message": "Use window.defaultstatus instead.",
        "name": "defaultstatus",
      },
      {
        "message": "Use window.event instead.",
        "name": "event",
      },
      {
        "message": "Use window.external instead.",
        "name": "external",
      },
      {
        "message": "Use window.find instead.",
        "name": "find",
      },
      {
        "message": "Use window.focus instead.",
        "name": "focus",
      },
      {
        "message": "Use window.frameElement instead.",
        "name": "frameElement",
      },
      {
        "message": "Use window.frames instead.",
        "name": "frames",
      },
      {
        "message": "Use window.history instead.",
        "name": "history",
      },
      {
        "message": "Use window.innerHeight instead.",
        "name": "innerHeight",
      },
      {
        "message": "Use window.innerWidth instead.",
        "name": "innerWidth",
      },
      {
        "message": "Use window.length instead.",
        "name": "length",
      },
      {
        "message": "Use window.location instead.",
        "name": "location",
      },
      {
        "message": "Use window.locationbar instead.",
        "name": "locationbar",
      },
      {
        "message": "Use window.menubar instead.",
        "name": "menubar",
      },
      {
        "message": "Use window.moveBy instead.",
        "name": "moveBy",
      },
      {
        "message": "Use window.moveTo instead.",
        "name": "moveTo",
      },
      {
        "message": "Use window.name instead.",
        "name": "name",
      },
      {
        "message": "Use window.onblur instead.",
        "name": "onblur",
      },
      {
        "message": "Use window.onerror instead.",
        "name": "onerror",
      },
      {
        "message": "Use window.onfocus instead.",
        "name": "onfocus",
      },
      {
        "message": "Use window.onload instead.",
        "name": "onload",
      },
      {
        "message": "Use window.onresize instead.",
        "name": "onresize",
      },
      {
        "message": "Use window.onunload instead.",
        "name": "onunload",
      },
      {
        "message": "Use window.open instead.",
        "name": "open",
      },
      {
        "message": "Use window.opener instead.",
        "name": "opener",
      },
      {
        "message": "Use window.opera instead.",
        "name": "opera",
      },
      {
        "message": "Use window.outerHeight instead.",
        "name": "outerHeight",
      },
      {
        "message": "Use window.outerWidth instead.",
        "name": "outerWidth",
      },
      {
        "message": "Use window.pageXOffset instead.",
        "name": "pageXOffset",
      },
      {
        "message": "Use window.pageYOffset instead.",
        "name": "pageYOffset",
      },
      {
        "message": "Use window.parent instead.",
        "name": "parent",
      },
      {
        "message": "Use window.print instead.",
        "name": "print",
      },
      {
        "message": "Use window.removeEventListener instead.",
        "name": "removeEventListener",
      },
      {
        "message": "Use window.resizeBy instead.",
        "name": "resizeBy",
      },
      {
        "message": "Use window.resizeTo instead.",
        "name": "resizeTo",
      },
      {
        "message": "Use window.screen instead.",
        "name": "screen",
      },
      {
        "message": "Use window.screenLeft instead.",
        "name": "screenLeft",
      },
      {
        "message": "Use window.screenTop instead.",
        "name": "screenTop",
      },
      {
        "message": "Use window.screenX instead.",
        "name": "screenX",
      },
      {
        "message": "Use window.screenY instead.",
        "name": "screenY",
      },
      {
        "message": "Use window.scroll instead.",
        "name": "scroll",
      },
      {
        "message": "Use window.scrollbars instead.",
        "name": "scrollbars",
      },
      {
        "message": "Use window.scrollBy instead.",
        "name": "scrollBy",
      },
      {
        "message": "Use window.scrollTo instead.",
        "name": "scrollTo",
      },
      {
        "message": "Use window.scrollX instead.",
        "name": "scrollX",
      },
      {
        "message": "Use window.scrollY instead.",
        "name": "scrollY",
      },
      {
        "message": "Use window.self instead.",
        "name": "self",
      },
      {
        "message": "Use window.status instead.",
        "name": "status",
      },
      {
        "message": "Use window.statusbar instead.",
        "name": "statusbar",
      },
      {
        "message": "Use window.stop instead.",
        "name": "stop",
      },
      {
        "message": "Use window.toolbar instead.",
        "name": "toolbar",
      },
      {
        "message": "Use window.top instead.",
        "name": "top",
      },
    ],
    "no-restricted-imports": [
      2,
      {
        "paths": [],
      },
    ],
    "no-restricted-properties": [
      2,
      {
        "message": "arguments.callee is deprecated",
        "object": "arguments",
        "property": "callee",
      },
      {
        "message": "Please use Number.isFinite instead",
        "object": "global",
        "property": "isFinite",
      },
      {
        "message": "Please use Number.isFinite instead",
        "object": "self",
        "property": "isFinite",
      },
      {
        "message": "Please use Number.isFinite instead",
        "object": "window",
        "property": "isFinite",
      },
      {
        "message": "Please use Number.isNaN instead",
        "object": "global",
        "property": "isNaN",
      },
      {
        "message": "Please use Number.isNaN instead",
        "object": "self",
        "property": "isNaN",
      },
      {
        "message": "Please use Number.isNaN instead",
        "object": "window",
        "property": "isNaN",
      },
      {
        "message": "Please use Object.defineProperty instead.",
        "property": "__defineGetter__",
      },
      {
        "message": "Please use Object.defineProperty instead.",
        "property": "__defineSetter__",
      },
      {
        "message": "Use the exponentiation operator (**) instead.",
        "object": "Math",
        "property": "pow",
      },
    ],
    "no-restricted-syntax": [
      2,
      {
        "message": "for..in loops iterate over the entire prototype chain, which is virtually never what you want. Use Object.{keys,values,entries}, and iterate over the resulting array.",
        "selector": "ForInStatement",
      },
      {
        "message": "Labels are a form of GOTO; using them makes code confusing and hard to maintain and understand.",
        "selector": "LabeledStatement",
      },
      {
        "message": "\`with\` is disallowed in strict mode because it makes code impossible to predict and optimize.",
        "selector": "WithStatement",
      },
    ],
    "no-return-assign": [
      2,
      "always",
    ],
    "no-script-url": [
      2,
    ],
    "no-self-assign": [
      2,
      {
        "props": true,
      },
    ],
    "no-self-compare": [
      2,
    ],
    "no-sequences": [
      2,
      {
        "allowInParentheses": true,
      },
    ],
    "no-setter-return": [
      2,
    ],
    "no-shadow": [
      0,
      {
        "allow": [],
        "builtinGlobals": false,
        "hoist": "functions",
        "ignoreOnInitialization": false,
      },
    ],
    "no-shadow-restricted-names": [
      2,
    ],
    "no-sparse-arrays": [
      2,
    ],
    "no-template-curly-in-string": [
      2,
    ],
    "no-ternary": [
      0,
    ],
    "no-this-before-super": [
      2,
    ],
    "no-throw-literal": [
      2,
    ],
    "no-undef": [
      0,
      {
        "typeof": false,
      },
    ],
    "no-undef-init": [
      2,
    ],
    "no-undefined": [
      0,
    ],
    "no-underscore-dangle": [
      2,
      {
        "allow": [],
        "allowAfterSuper": false,
        "allowAfterThis": false,
        "allowAfterThisConstructor": false,
        "allowFunctionParams": true,
        "allowInArrayDestructuring": true,
        "allowInObjectDestructuring": true,
        "enforceInClassFields": false,
        "enforceInMethodNames": true,
      },
    ],
    "no-unexpected-multiline": [
      2,
    ],
    "no-unmodified-loop-condition": [
      0,
    ],
    "no-unneeded-ternary": [
      2,
      {
        "defaultAssignment": false,
      },
    ],
    "no-unreachable": [
      2,
    ],
    "no-unreachable-loop": [
      2,
      {
        "ignore": [],
      },
    ],
    "no-unsafe-finally": [
      2,
    ],
    "no-unsafe-negation": [
      2,
      {
        "enforceForOrderingRelations": false,
      },
    ],
    "no-unsafe-optional-chaining": [
      2,
      {
        "disallowArithmeticOperators": true,
      },
    ],
    "no-unused-expressions": [
      2,
      {
        "allowShortCircuit": true,
        "allowTaggedTemplates": true,
        "allowTernary": true,
        "enforceForJSX": false,
      },
    ],
    "no-unused-labels": [
      2,
    ],
    "no-unused-private-class-members": [
      0,
    ],
    "no-unused-vars": [
      2,
      {
        "args": "after-used",
        "ignoreRestSiblings": true,
        "vars": "all",
      },
    ],
    "no-use-before-define": [
      0,
      {
        "allowNamedExports": false,
        "classes": true,
        "functions": true,
        "variables": true,
      },
    ],
    "no-useless-backreference": [
      2,
    ],
    "no-useless-call": [
      0,
    ],
    "no-useless-catch": [
      2,
    ],
    "no-useless-computed-key": [
      2,
      {
        "enforceForClassMembers": true,
      },
    ],
    "no-useless-concat": [
      2,
    ],
    "no-useless-constructor": [
      0,
    ],
    "no-useless-escape": [
      2,
    ],
    "no-useless-rename": [
      2,
      {
        "ignoreDestructuring": false,
        "ignoreExport": false,
        "ignoreImport": false,
      },
    ],
    "no-useless-return": [
      2,
    ],
    "no-var": [
      2,
    ],
    "no-void": [
      2,
      {
        "allowAsStatement": false,
      },
    ],
    "no-warning-comments": [
      0,
      {
        "location": "start",
        "terms": [
          "todo",
          "fixme",
          "xxx",
        ],
      },
    ],
    "no-with": [
      2,
    ],
    "object-shorthand": [
      2,
      "always",
      {
        "avoidQuotes": true,
        "ignoreConstructors": false,
      },
    ],
    "one-var": [
      2,
      "never",
    ],
    "operator-assignment": [
      2,
      "always",
    ],
    "prefer-arrow-callback": [
      2,
      {
        "allowNamedFunctions": false,
        "allowUnboundThis": true,
      },
    ],
    "prefer-const": [
      2,
      {
        "destructuring": "any",
        "ignoreReadBeforeAssign": true,
      },
    ],
    "prefer-destructuring": [
      2,
      {
        "AssignmentExpression": {
          "array": true,
          "object": false,
        },
        "VariableDeclarator": {
          "array": false,
          "object": true,
        },
      },
      {
        "enforceForRenamedProperties": false,
      },
    ],
    "prefer-exponentiation-operator": [
      2,
    ],
    "prefer-named-capture-group": [
      0,
    ],
    "prefer-numeric-literals": [
      2,
    ],
    "prefer-object-has-own": [
      2,
    ],
    "prefer-object-spread": [
      2,
    ],
    "prefer-promise-reject-errors": [
      2,
      {
        "allowEmptyReject": true,
      },
    ],
    "prefer-regex-literals": [
      2,
      {
        "disallowRedundantWrapping": true,
      },
    ],
    "prefer-rest-params": [
      2,
    ],
    "prefer-spread": [
      2,
    ],
    "prefer-template": [
      2,
    ],
    "promise/always-return": [
      1,
      {
        "ignoreLastCallback": true,
      },
    ],
    "promise/avoid-new": [
      0,
    ],
    "promise/catch-or-return": [
      2,
    ],
    "promise/no-callback-in-promise": [
      1,
    ],
    "promise/no-native": [
      0,
    ],
    "promise/no-nesting": [
      0,
    ],
    "promise/no-new-statics": [
      2,
    ],
    "promise/no-promise-in-callback": [
      1,
    ],
    "promise/no-return-in-finally": [
      1,
    ],
    "promise/no-return-wrap": [
      2,
    ],
    "promise/param-names": [
      2,
    ],
    "promise/valid-params": [
      1,
    ],
    "radix": [
      2,
      "always",
    ],
    "require-atomic-updates": [
      0,
      {
        "allowProperties": false,
      },
    ],
    "require-await": [
      0,
    ],
    "require-jsdoc": [
      0,
    ],
    "require-unicode-regexp": [
      0,
    ],
    "sort-imports": [
      0,
      {
        "allowSeparatedGroups": false,
        "ignoreCase": false,
        "ignoreDeclarationSort": false,
        "ignoreMemberSort": false,
        "memberSyntaxSortOrder": [
          "none",
          "all",
          "multiple",
          "single",
        ],
      },
    ],
    "sort-keys": [
      0,
      "asc",
      {
        "allowLineSeparatedGroups": false,
        "caseSensitive": false,
        "ignoreComputedKeys": false,
        "minKeys": 2,
        "natural": true,
      },
    ],
    "sort-vars": [
      0,
      {
        "ignoreCase": false,
      },
    ],
    "symbol-description": [
      2,
    ],
    "unicode-bom": [
      2,
      "never",
    ],
    "unicorn/better-regex": [
      0,
    ],
    "unicorn/catch-error-name": [
      2,
    ],
    "unicorn/consistent-destructuring": [
      0,
    ],
    "unicorn/consistent-empty-array-spread": [
      2,
    ],
    "unicorn/consistent-existence-index-check": [
      2,
    ],
    "unicorn/consistent-function-scoping": [
      0,
    ],
    "unicorn/custom-error-definition": [
      0,
    ],
    "unicorn/empty-brace-spaces": [
      2,
    ],
    "unicorn/error-message": [
      2,
    ],
    "unicorn/escape-case": [
      2,
    ],
    "unicorn/expiring-todo-comments": [
      2,
      {
        "allowWarningComments": true,
        "ignore": [],
        "ignoreDatesOnPullRequests": true,
        "terms": [
          "todo",
          "fixme",
          "xxx",
        ],
      },
    ],
    "unicorn/explicit-length-check": [
      2,
    ],
    "unicorn/filename-case": [
      2,
      {
        "cases": {
          "camelCase": true,
          "pascalCase": true,
        },
      },
    ],
    "unicorn/import-style": [
      2,
    ],
    "unicorn/new-for-builtins": [
      0,
    ],
    "unicorn/no-abusive-eslint-disable": [
      2,
    ],
    "unicorn/no-anonymous-default-export": [
      2,
    ],
    "unicorn/no-array-callback-reference": [
      0,
    ],
    "unicorn/no-array-for-each": [
      0,
    ],
    "unicorn/no-array-method-this-argument": [
      2,
    ],
    "unicorn/no-array-push-push": [
      2,
    ],
    "unicorn/no-array-reduce": [
      0,
    ],
    "unicorn/no-await-expression-member": [
      2,
    ],
    "unicorn/no-await-in-promise-methods": [
      2,
    ],
    "unicorn/no-console-spaces": [
      2,
    ],
    "unicorn/no-document-cookie": [
      2,
    ],
    "unicorn/no-empty-file": [
      2,
    ],
    "unicorn/no-for-loop": [
      2,
    ],
    "unicorn/no-hex-escape": [
      2,
    ],
    "unicorn/no-instanceof-array": [
      2,
    ],
    "unicorn/no-invalid-fetch-options": [
      2,
    ],
    "unicorn/no-invalid-remove-event-listener": [
      2,
    ],
    "unicorn/no-keyword-prefix": [
      0,
    ],
    "unicorn/no-length-as-slice-end": [
      2,
    ],
    "unicorn/no-lonely-if": [
      2,
    ],
    "unicorn/no-magic-array-flat-depth": [
      2,
    ],
    "unicorn/no-negated-condition": [
      0,
    ],
    "unicorn/no-negation-in-equality-check": [
      2,
    ],
    "unicorn/no-nested-ternary": [
      2,
    ],
    "unicorn/no-new-array": [
      2,
    ],
    "unicorn/no-new-buffer": [
      2,
    ],
    "unicorn/no-null": [
      0,
    ],
    "unicorn/no-object-as-default-parameter": [
      2,
    ],
    "unicorn/no-process-exit": [
      2,
    ],
    "unicorn/no-single-promise-in-promise-methods": [
      2,
    ],
    "unicorn/no-static-only-class": [
      2,
    ],
    "unicorn/no-thenable": [
      2,
    ],
    "unicorn/no-this-assignment": [
      2,
    ],
    "unicorn/no-typeof-undefined": [
      2,
    ],
    "unicorn/no-unnecessary-await": [
      2,
    ],
    "unicorn/no-unnecessary-polyfills": [
      2,
    ],
    "unicorn/no-unreadable-array-destructuring": [
      2,
    ],
    "unicorn/no-unreadable-iife": [
      2,
    ],
    "unicorn/no-unused-properties": [
      0,
    ],
    "unicorn/no-useless-fallback-in-spread": [
      2,
    ],
    "unicorn/no-useless-length-check": [
      2,
    ],
    "unicorn/no-useless-promise-resolve-reject": [
      2,
    ],
    "unicorn/no-useless-spread": [
      2,
    ],
    "unicorn/no-useless-switch-case": [
      2,
    ],
    "unicorn/no-useless-undefined": [
      2,
    ],
    "unicorn/no-zero-fractions": [
      2,
    ],
    "unicorn/number-literal-case": [
      2,
    ],
    "unicorn/numeric-separators-style": [
      2,
    ],
    "unicorn/prefer-add-event-listener": [
      2,
    ],
    "unicorn/prefer-array-find": [
      2,
    ],
    "unicorn/prefer-array-flat": [
      2,
    ],
    "unicorn/prefer-array-flat-map": [
      2,
    ],
    "unicorn/prefer-array-index-of": [
      2,
    ],
    "unicorn/prefer-array-some": [
      2,
    ],
    "unicorn/prefer-at": [
      2,
    ],
    "unicorn/prefer-blob-reading-methods": [
      2,
    ],
    "unicorn/prefer-code-point": [
      2,
    ],
    "unicorn/prefer-date-now": [
      2,
    ],
    "unicorn/prefer-default-parameters": [
      2,
    ],
    "unicorn/prefer-dom-node-append": [
      2,
    ],
    "unicorn/prefer-dom-node-dataset": [
      2,
    ],
    "unicorn/prefer-dom-node-remove": [
      2,
    ],
    "unicorn/prefer-dom-node-text-content": [
      2,
    ],
    "unicorn/prefer-event-target": [
      2,
    ],
    "unicorn/prefer-export-from": [
      2,
    ],
    "unicorn/prefer-global-this": [
      0,
    ],
    "unicorn/prefer-includes": [
      2,
    ],
    "unicorn/prefer-json-parse-buffer": [
      0,
    ],
    "unicorn/prefer-keyboard-event-key": [
      2,
    ],
    "unicorn/prefer-logical-operator-over-ternary": [
      2,
    ],
    "unicorn/prefer-math-min-max": [
      2,
    ],
    "unicorn/prefer-math-trunc": [
      2,
    ],
    "unicorn/prefer-modern-dom-apis": [
      2,
    ],
    "unicorn/prefer-modern-math-apis": [
      2,
    ],
    "unicorn/prefer-module": [
      2,
    ],
    "unicorn/prefer-native-coercion-functions": [
      2,
    ],
    "unicorn/prefer-negative-index": [
      2,
    ],
    "unicorn/prefer-node-protocol": [
      2,
    ],
    "unicorn/prefer-number-properties": [
      2,
    ],
    "unicorn/prefer-object-from-entries": [
      2,
    ],
    "unicorn/prefer-optional-catch-binding": [
      2,
    ],
    "unicorn/prefer-prototype-methods": [
      2,
    ],
    "unicorn/prefer-query-selector": [
      2,
    ],
    "unicorn/prefer-reflect-apply": [
      2,
    ],
    "unicorn/prefer-regexp-test": [
      2,
    ],
    "unicorn/prefer-set-has": [
      2,
    ],
    "unicorn/prefer-set-size": [
      2,
    ],
    "unicorn/prefer-spread": [
      2,
    ],
    "unicorn/prefer-string-raw": [
      2,
    ],
    "unicorn/prefer-string-replace-all": [
      2,
    ],
    "unicorn/prefer-string-slice": [
      2,
    ],
    "unicorn/prefer-string-starts-ends-with": [
      2,
    ],
    "unicorn/prefer-string-trim-start-end": [
      2,
    ],
    "unicorn/prefer-structured-clone": [
      2,
    ],
    "unicorn/prefer-switch": [
      2,
    ],
    "unicorn/prefer-ternary": [
      2,
    ],
    "unicorn/prefer-top-level-await": [
      2,
    ],
    "unicorn/prefer-type-error": [
      2,
    ],
    "unicorn/prevent-abbreviations": [
      2,
      {
        "allowList": {
          "Acc": true,
          "Args": true,
          "Num": true,
          "Param": true,
          "Params": true,
          "Prop": true,
          "Props": true,
          "Ref": true,
          "Refs": true,
          "Src": true,
          "Var": true,
          "acc": true,
          "args": true,
          "i": true,
          "j": true,
          "num": true,
          "param": true,
          "params": true,
          "prop": true,
          "props": true,
          "ref": true,
          "refs": true,
          "src": true,
          "var": true,
        },
      },
    ],
    "unicorn/relative-url-style": [
      2,
    ],
    "unicorn/require-array-join-separator": [
      2,
    ],
    "unicorn/require-number-to-fixed-digits-argument": [
      2,
    ],
    "unicorn/require-post-message-target-origin": [
      0,
    ],
    "unicorn/string-content": [
      0,
    ],
    "unicorn/switch-case-braces": [
      2,
      "avoid",
    ],
    "unicorn/template-indent": [
      2,
    ],
    "unicorn/text-encoding-identifier-case": [
      2,
    ],
    "unicorn/throw-new-error": [
      2,
    ],
    "use-isnan": [
      2,
      {
        "enforceForIndexOf": false,
        "enforceForSwitchCase": true,
      },
    ],
    "valid-typeof": [
      2,
      {
        "requireStringLiterals": true,
      },
    ],
    "vars-on-top": [
      2,
    ],
    "yoda": [
      2,
      "never",
      {
        "exceptRange": false,
        "onlyEquality": false,
      },
    ],
  },
  "settings": {
    "import/core-modules": [],
    "import/extensions": [
      ".js",
      ".mjs",
      ".jsx",
      ".ts",
      ".mts",
      ".tsx",
    ],
    "import/ignore": [
      "node_modules",
      "\\.(coffee|scss|css|less|hbs|svg|json|jpg|jpeg|png|webp)$",
    ],
    "import/parsers": {
      "espree": [
        ".js",
        "cjs",
        ".mjs",
        ".jsx",
      ],
    },
    "import/resolver": {
      "node": {
        "extensions": [
          ".js",
          ".mjs",
          ".jsx",
          ".ts",
          ".mts",
          ".tsx",
        ],
      },
      "typescript": {},
    },
  },
}
`;
