// Jest Snapshot v1, https://goo.gl/fbAQLP

exports[`should match ESLint configuration snapshot: storybook 1`] = `
{
  "rules": {
    "@babel/object-curly-spacing": [
      0,
    ],
    "@babel/semi": [
      0,
    ],
    "@typescript-eslint/adjacent-overload-signatures": [
      2,
    ],
    "@typescript-eslint/array-type": [
      2,
    ],
    "@typescript-eslint/await-thenable": [
      2,
    ],
    "@typescript-eslint/ban-ts-comment": [
      2,
      {
        "minimumDescriptionLength": 10,
      },
    ],
    "@typescript-eslint/ban-tslint-comment": [
      2,
    ],
    "@typescript-eslint/ban-types": [
      2,
    ],
    "@typescript-eslint/block-spacing": [
      0,
    ],
    "@typescript-eslint/brace-style": [
      0,
    ],
    "@typescript-eslint/class-literal-property-style": [
      2,
    ],
    "@typescript-eslint/comma-dangle": [
      0,
    ],
    "@typescript-eslint/comma-spacing": [
      0,
    ],
    "@typescript-eslint/consistent-generic-constructors": [
      2,
    ],
    "@typescript-eslint/consistent-indexed-object-style": [
      2,
    ],
    "@typescript-eslint/consistent-type-assertions": [
      2,
    ],
    "@typescript-eslint/consistent-type-definitions": [
      2,
      "type",
    ],
    "@typescript-eslint/consistent-type-imports": [
      2,
      {
        "fixStyle": "inline-type-imports",
      },
    ],
    "@typescript-eslint/dot-notation": [
      2,
      {
        "allowIndexSignaturePropertyAccess": false,
        "allowKeywords": true,
        "allowPattern": "",
        "allowPrivateClassPropertyAccess": false,
        "allowProtectedClassPropertyAccess": false,
      },
    ],
    "@typescript-eslint/explicit-function-return-type": [
      0,
    ],
    "@typescript-eslint/explicit-module-boundary-types": [
      0,
    ],
    "@typescript-eslint/func-call-spacing": [
      0,
    ],
    "@typescript-eslint/indent": [
      0,
    ],
    "@typescript-eslint/key-spacing": [
      0,
    ],
    "@typescript-eslint/keyword-spacing": [
      0,
    ],
    "@typescript-eslint/lines-around-comment": [
      0,
    ],
    "@typescript-eslint/member-delimiter-style": [
      0,
    ],
    "@typescript-eslint/naming-convention": [
      2,
      {
        "format": [
          "camelCase",
          "PascalCase",
          "UPPER_CASE",
        ],
        "selector": "variable",
      },
      {
        "format": [
          "camelCase",
          "PascalCase",
        ],
        "selector": "function",
      },
      {
        "format": [
          "PascalCase",
        ],
        "selector": "typeLike",
      },
    ],
    "@typescript-eslint/no-array-constructor": [
      2,
    ],
    "@typescript-eslint/no-array-delete": [
      2,
    ],
    "@typescript-eslint/no-base-to-string": [
      2,
    ],
    "@typescript-eslint/no-confusing-non-null-assertion": [
      2,
    ],
    "@typescript-eslint/no-confusing-void-expression": [
      2,
    ],
    "@typescript-eslint/no-duplicate-enum-values": [
      2,
    ],
    "@typescript-eslint/no-duplicate-type-constituents": [
      2,
    ],
    "@typescript-eslint/no-dynamic-delete": [
      2,
    ],
    "@typescript-eslint/no-empty-function": [
      2,
    ],
    "@typescript-eslint/no-empty-interface": [
      2,
    ],
    "@typescript-eslint/no-explicit-any": [
      1,
      {
        "ignoreRestArgs": true,
      },
    ],
    "@typescript-eslint/no-extra-non-null-assertion": [
      2,
    ],
    "@typescript-eslint/no-extra-parens": [
      0,
    ],
    "@typescript-eslint/no-extra-semi": [
      0,
    ],
    "@typescript-eslint/no-extraneous-class": [
      2,
    ],
    "@typescript-eslint/no-floating-promises": [
      2,
      {
        "ignoreIIFE": true,
      },
    ],
    "@typescript-eslint/no-for-in-array": [
      2,
    ],
    "@typescript-eslint/no-implied-eval": [
      2,
    ],
    "@typescript-eslint/no-inferrable-types": [
      2,
    ],
    "@typescript-eslint/no-invalid-void-type": [
      2,
    ],
    "@typescript-eslint/no-loss-of-precision": [
      2,
    ],
    "@typescript-eslint/no-meaningless-void-operator": [
      2,
    ],
    "@typescript-eslint/no-misused-new": [
      2,
    ],
    "@typescript-eslint/no-misused-promises": [
      2,
      {
        "checksVoidReturn": false,
      },
    ],
    "@typescript-eslint/no-mixed-enums": [
      2,
    ],
    "@typescript-eslint/no-namespace": [
      2,
    ],
    "@typescript-eslint/no-non-null-asserted-nullish-coalescing": [
      2,
    ],
    "@typescript-eslint/no-non-null-asserted-optional-chain": [
      2,
    ],
    "@typescript-eslint/no-non-null-assertion": [
      2,
    ],
    "@typescript-eslint/no-redundant-type-constituents": [
      2,
    ],
    "@typescript-eslint/no-this-alias": [
      2,
    ],
    "@typescript-eslint/no-throw-literal": [
      2,
    ],
    "@typescript-eslint/no-unnecessary-boolean-literal-compare": [
      2,
    ],
    "@typescript-eslint/no-unnecessary-condition": [
      2,
    ],
    "@typescript-eslint/no-unnecessary-type-arguments": [
      2,
    ],
    "@typescript-eslint/no-unnecessary-type-assertion": [
      2,
    ],
    "@typescript-eslint/no-unnecessary-type-constraint": [
      2,
    ],
    "@typescript-eslint/no-unsafe-argument": [
      1,
    ],
    "@typescript-eslint/no-unsafe-assignment": [
      1,
    ],
    "@typescript-eslint/no-unsafe-call": [
      1,
    ],
    "@typescript-eslint/no-unsafe-declaration-merging": [
      2,
    ],
    "@typescript-eslint/no-unsafe-enum-comparison": [
      2,
    ],
    "@typescript-eslint/no-unsafe-member-access": [
      1,
    ],
    "@typescript-eslint/no-unsafe-return": [
      2,
    ],
    "@typescript-eslint/no-unused-expressions": [
      2,
      {
        "allowShortCircuit": true,
        "allowTaggedTemplates": true,
        "allowTernary": true,
        "enforceForJSX": false,
      },
    ],
    "@typescript-eslint/no-unused-vars": [
      2,
    ],
    "@typescript-eslint/no-use-before-define": [
      0,
    ],
    "@typescript-eslint/no-useless-constructor": [
      2,
    ],
    "@typescript-eslint/no-useless-template-literals": [
      2,
    ],
    "@typescript-eslint/no-var-requires": [
      2,
    ],
    "@typescript-eslint/non-nullable-type-assertion-style": [
      0,
    ],
    "@typescript-eslint/object-curly-spacing": [
      0,
    ],
    "@typescript-eslint/only-throw-error": [
      2,
    ],
    "@typescript-eslint/prefer-as-const": [
      2,
    ],
    "@typescript-eslint/prefer-for-of": [
      2,
    ],
    "@typescript-eslint/prefer-function-type": [
      2,
    ],
    "@typescript-eslint/prefer-includes": [
      2,
    ],
    "@typescript-eslint/prefer-literal-enum-member": [
      2,
    ],
    "@typescript-eslint/prefer-namespace-keyword": [
      2,
    ],
    "@typescript-eslint/prefer-nullish-coalescing": [
      2,
    ],
    "@typescript-eslint/prefer-optional-chain": [
      2,
    ],
    "@typescript-eslint/prefer-promise-reject-errors": [
      2,
      {
        "allowEmptyReject": true,
      },
    ],
    "@typescript-eslint/prefer-reduce-type-parameter": [
      2,
    ],
    "@typescript-eslint/prefer-return-this-type": [
      2,
    ],
    "@typescript-eslint/prefer-string-starts-ends-with": [
      2,
    ],
    "@typescript-eslint/prefer-ts-expect-error": [
      2,
    ],
    "@typescript-eslint/quotes": [
      0,
    ],
    "@typescript-eslint/require-await": [
      2,
    ],
    "@typescript-eslint/restrict-plus-operands": [
      2,
      {
        "allowAny": false,
        "allowBoolean": false,
        "allowNullish": false,
        "allowNumberAndString": false,
        "allowRegExp": false,
      },
    ],
    "@typescript-eslint/restrict-template-expressions": [
      2,
      {
        "allowAny": false,
        "allowBoolean": false,
        "allowNever": false,
        "allowNullish": false,
        "allowNumber": false,
        "allowRegExp": false,
      },
    ],
    "@typescript-eslint/semi": [
      0,
    ],
    "@typescript-eslint/space-before-blocks": [
      0,
    ],
    "@typescript-eslint/space-before-function-paren": [
      0,
    ],
    "@typescript-eslint/space-infix-ops": [
      0,
    ],
    "@typescript-eslint/switch-exhaustiveness-check": [
      2,
    ],
    "@typescript-eslint/triple-slash-reference": [
      2,
    ],
    "@typescript-eslint/type-annotation-spacing": [
      0,
    ],
    "@typescript-eslint/unbound-method": [
      2,
    ],
    "@typescript-eslint/unified-signatures": [
      2,
    ],
    "@typescript-eslint/use-unknown-in-catch-callback-variable": [
      2,
    ],
    "accessor-pairs": [
      0,
    ],
    "array-bracket-newline": [
      0,
      "consistent",
    ],
    "array-bracket-spacing": [
      2,
      "never",
    ],
    "array-callback-return": [
      2,
      {
        "allowImplicit": true,
        "allowVoid": false,
        "checkForEach": false,
      },
    ],
    "array-element-newline": [
      0,
      {
        "minItems": 3,
        "multiline": true,
      },
    ],
    "arrow-body-style": [
      2,
      "as-needed",
      {
        "requireReturnForObjectLiteral": false,
      },
    ],
    "arrow-parens": [
      2,
      "always",
    ],
    "arrow-spacing": [
      2,
      {
        "after": true,
        "before": true,
      },
    ],
    "babel/object-curly-spacing": [
      0,
    ],
    "babel/quotes": [
      0,
    ],
    "babel/semi": [
      0,
    ],
    "block-scoped-var": [
      2,
    ],
    "block-spacing": [
      2,
      "always",
    ],
    "brace-style": [
      2,
      "1tbs",
      {
        "allowSingleLine": true,
      },
    ],
    "camelcase": [
      0,
      {
        "ignoreDestructuring": false,
        "ignoreGlobals": false,
        "ignoreImports": false,
        "properties": "never",
      },
    ],
    "capitalized-comments": [
      0,
      "never",
      {
        "block": {
          "ignoreConsecutiveComments": true,
          "ignoreInlineComments": true,
          "ignorePattern": ".*",
        },
        "line": {
          "ignoreConsecutiveComments": true,
          "ignoreInlineComments": true,
          "ignorePattern": ".*",
        },
      },
    ],
    "class-methods-use-this": [
      2,
      {
        "enforceForClassFields": true,
        "exceptMethods": [],
      },
    ],
    "comma-dangle": [
      2,
      {
        "arrays": "always-multiline",
        "exports": "always-multiline",
        "functions": "always-multiline",
        "imports": "always-multiline",
        "objects": "always-multiline",
      },
    ],
    "comma-spacing": [
      2,
      {
        "after": true,
        "before": false,
      },
    ],
    "comma-style": [
      2,
      "last",
      {
        "exceptions": {
          "ArrayExpression": false,
          "ArrayPattern": false,
          "ArrowFunctionExpression": false,
          "CallExpression": false,
          "FunctionDeclaration": false,
          "FunctionExpression": false,
          "ImportDeclaration": false,
          "NewExpression": false,
          "ObjectExpression": false,
          "ObjectPattern": false,
          "VariableDeclaration": false,
        },
      },
    ],
    "complexity": [
      0,
      20,
    ],
    "computed-property-spacing": [
      2,
      "never",
    ],
    "consistent-return": [
      0,
    ],
    "consistent-this": [
      0,
    ],
    "constructor-super": [
      0,
    ],
    "curly": [
      2,
      "multi-line",
    ],
    "default-case": [
      0,
    ],
    "default-case-last": [
      2,
    ],
    "default-param-last": [
      2,
    ],
    "dot-location": [
      2,
      "property",
    ],
    "dot-notation": [
      0,
      {
        "allowIndexSignaturePropertyAccess": false,
        "allowKeywords": true,
        "allowPattern": "",
        "allowPrivateClassPropertyAccess": false,
        "allowProtectedClassPropertyAccess": false,
      },
    ],
    "eol-last": [
      2,
      "always",
    ],
    "eqeqeq": [
      2,
      "always",
      {
        "null": "ignore",
      },
    ],
    "flowtype/boolean-style": [
      0,
    ],
    "flowtype/delimiter-dangle": [
      0,
    ],
    "flowtype/generic-spacing": [
      0,
    ],
    "flowtype/object-type-curly-spacing": [
      0,
    ],
    "flowtype/object-type-delimiter": [
      0,
    ],
    "flowtype/quotes": [
      0,
    ],
    "flowtype/semi": [
      0,
    ],
    "flowtype/space-after-type-colon": [
      0,
    ],
    "flowtype/space-before-generic-bracket": [
      0,
    ],
    "flowtype/space-before-type-colon": [
      0,
    ],
    "flowtype/union-intersection-spacing": [
      0,
    ],
    "for-direction": [
      2,
    ],
    "func-call-spacing": [
      2,
      "never",
    ],
    "func-name-matching": [
      0,
      "always",
      {
        "considerPropertyDescriptor": true,
        "includeCommonJSModuleExports": false,
      },
    ],
    "func-names": [
      2,
      "as-needed",
    ],
    "func-style": [
      0,
      "expression",
    ],
    "function-call-argument-newline": [
      2,
      "consistent",
    ],
    "function-paren-newline": [
      2,
      "multiline-arguments",
    ],
    "generator-star": [
      0,
    ],
    "generator-star-spacing": [
      2,
      {
        "after": true,
        "before": false,
      },
    ],
    "getter-return": [
      0,
      {
        "allowImplicit": true,
      },
    ],
    "grouped-accessor-pairs": [
      2,
    ],
    "guard-for-in": [
      2,
    ],
    "id-denylist": [
      0,
    ],
    "id-length": [
      0,
    ],
    "id-match": [
      0,
    ],
    "implicit-arrow-linebreak": [
      2,
      "beside",
    ],
    "import/consistent-type-specifier-style": [
      2,
      "prefer-inline",
    ],
    "import/default": [
      0,
    ],
    "import/dynamic-import-chunkname": [
      0,
      {
        "importFunctions": [],
        "webpackChunknameFormat": "[0-9a-zA-Z-_/.]+",
      },
    ],
    "import/export": [
      2,
    ],
    "import/exports-last": [
      0,
    ],
    "import/extensions": [
      0,
    ],
    "import/first": [
      2,
    ],
    "import/group-exports": [
      0,
    ],
    "import/max-dependencies": [
      0,
      {
        "max": 10,
      },
    ],
    "import/named": [
      2,
    ],
    "import/namespace": [
      0,
    ],
    "import/newline-after-import": [
      2,
    ],
    "import/no-absolute-path": [
      2,
    ],
    "import/no-amd": [
      2,
    ],
    "import/no-anonymous-default-export": [
      0,
      {
        "allowAnonymousClass": false,
        "allowAnonymousFunction": false,
        "allowArray": false,
        "allowArrowFunction": false,
        "allowLiteral": false,
        "allowObject": false,
      },
    ],
    "import/no-commonjs": [
      0,
    ],
    "import/no-cycle": [
      2,
      {
        "allowUnsafeDynamicCyclicDependency": false,
        "ignoreExternal": false,
        "maxDepth": "∞",
      },
    ],
    "import/no-default-export": [
      0,
    ],
    "import/no-deprecated": [
      0,
    ],
    "import/no-duplicates": [
      2,
    ],
    "import/no-dynamic-require": [
      2,
    ],
    "import/no-empty-named-blocks": [
      2,
    ],
    "import/no-extraneous-dependencies": [
      2,
      {
        "devDependencies": [
          "test/**",
          "tests/**",
          "spec/**",
          "**/__tests__/**",
          "**/__mocks__/**",
          "test.{js,jsx,ts,tsx}",
          "test-*.{js,jsx,ts,tsx}",
          "**/*{.,_}{test,spec}.{js,jsx,ts,tsx}",
          "**/jest.config.js",
          "**/jest.setup.js",
          "**/vue.config.js",
          "**/webpack.config.js",
          "**/webpack.config.*.js",
          "**/rollup.config.js",
          "**/rollup.config.*.js",
          "**/protractor.conf.js",
          "**/protractor.conf.*.js",
          "**/karma.conf.js",
          "**/.eslintrc.js",
          "**/eslint-rules/**",
          "**/.storybook/**",
          "**/*.stories.{js,jsx,ts,tsx,mdx}",
        ],
        "optionalDependencies": false,
      },
    ],
    "import/no-import-module-exports": [
      2,
      {
        "exceptions": [],
      },
    ],
    "import/no-internal-modules": [
      0,
      {
        "allow": [],
      },
    ],
    "import/no-mutable-exports": [
      2,
    ],
    "import/no-named-as-default": [
      2,
    ],
    "import/no-named-as-default-member": [
      2,
    ],
    "import/no-named-default": [
      2,
    ],
    "import/no-named-export": [
      0,
    ],
    "import/no-namespace": [
      0,
    ],
    "import/no-nodejs-modules": [
      0,
    ],
    "import/no-relative-packages": [
      2,
    ],
    "import/no-relative-parent-imports": [
      0,
    ],
    "import/no-restricted-paths": [
      0,
    ],
    "import/no-self-import": [
      2,
    ],
    "import/no-unassigned-import": [
      0,
    ],
    "import/no-unresolved": [
      2,
      {
        "caseSensitive": true,
        "caseSensitiveStrict": false,
        "commonjs": true,
      },
    ],
    "import/no-unused-modules": [
      0,
      {
        "ignoreExports": [],
        "missingExports": true,
        "unusedExports": true,
      },
    ],
    "import/no-useless-path-segments": [
      2,
      {
        "commonjs": true,
      },
    ],
    "import/no-webpack-loader-syntax": [
      2,
    ],
    "import/order": [
      2,
      {
        "distinctGroup": true,
        "groups": [
          [
            "builtin",
            "external",
            "internal",
          ],
        ],
        "warnOnUnassignedImports": false,
      },
    ],
    "import/prefer-default-export": [
      0,
    ],
    "import/unambiguous": [
      0,
    ],
    "indent": [
      2,
      2,
      {
        "ArrayExpression": 1,
        "CallExpression": {
          "arguments": 1,
        },
        "FunctionDeclaration": {
          "body": 1,
          "parameters": 1,
        },
        "FunctionExpression": {
          "body": 1,
          "parameters": 1,
        },
        "ImportDeclaration": 1,
        "ObjectExpression": 1,
        "SwitchCase": 1,
        "VariableDeclarator": 1,
        "flatTernaryExpressions": false,
        "ignoreComments": false,
        "ignoredNodes": [
          "JSXElement",
          "JSXElement > *",
          "JSXAttribute",
          "JSXIdentifier",
          "JSXNamespacedName",
          "JSXMemberExpression",
          "JSXSpreadAttribute",
          "JSXExpressionContainer",
          "JSXOpeningElement",
          "JSXClosingElement",
          "JSXFragment",
          "JSXOpeningFragment",
          "JSXClosingFragment",
          "JSXText",
          "JSXEmptyExpression",
          "JSXSpreadChild",
        ],
        "offsetTernaryExpressions": false,
        "outerIIFEBody": 1,
      },
    ],
    "indent-legacy": [
      0,
    ],
    "init-declarations": [
      0,
    ],
    "jsx-a11y/alt-text": [
      2,
      {
        "area": [],
        "elements": [
          "img",
          "object",
          "area",
          "input[type="image"]",
        ],
        "img": [],
        "input[type="image"]": [],
        "object": [],
      },
    ],
    "jsx-a11y/anchor-ambiguous-text": [
      0,
    ],
    "jsx-a11y/anchor-has-content": [
      2,
      {
        "components": [],
      },
    ],
    "jsx-a11y/anchor-is-valid": [
      2,
      {
        "aspects": [
          "noHref",
          "invalidHref",
          "preferButton",
        ],
        "components": [
          "Link",
        ],
        "specialLink": [
          "to",
        ],
      },
    ],
    "jsx-a11y/aria-activedescendant-has-tabindex": [
      2,
    ],
    "jsx-a11y/aria-props": [
      2,
    ],
    "jsx-a11y/aria-proptypes": [
      2,
    ],
    "jsx-a11y/aria-role": [
      2,
      {
        "ignoreNonDOM": false,
      },
    ],
    "jsx-a11y/aria-unsupported-elements": [
      2,
    ],
    "jsx-a11y/autocomplete-valid": [
      2,
    ],
    "jsx-a11y/click-events-have-key-events": [
      0,
    ],
    "jsx-a11y/control-has-associated-label": [
      0,
      {
        "controlComponents": [],
        "depth": 5,
        "ignoreElements": [
          "audio",
          "canvas",
          "embed",
          "input",
          "textarea",
          "tr",
          "video",
        ],
        "ignoreRoles": [
          "grid",
          "listbox",
          "menu",
          "menubar",
          "radiogroup",
          "row",
          "tablist",
          "toolbar",
          "tree",
          "treegrid",
        ],
        "labelAttributes": [
          "label",
        ],
      },
    ],
    "jsx-a11y/heading-has-content": [
      2,
      {
        "components": [
          "",
        ],
      },
    ],
    "jsx-a11y/html-has-lang": [
      2,
    ],
    "jsx-a11y/iframe-has-title": [
      2,
    ],
    "jsx-a11y/img-redundant-alt": [
      2,
    ],
    "jsx-a11y/interactive-supports-focus": [
      0,
      {
        "tabbable": [
          "button",
          "checkbox",
          "link",
          "searchbox",
          "spinbutton",
          "switch",
          "textbox",
        ],
      },
    ],
    "jsx-a11y/label-has-associated-control": [
      2,
      {
        "assert": "either",
        "controlComponents": [],
        "depth": 25,
        "labelAttributes": [],
        "labelComponents": [],
      },
    ],
    "jsx-a11y/label-has-for": [
      0,
    ],
    "jsx-a11y/lang": [
      2,
    ],
    "jsx-a11y/media-has-caption": [
      2,
      {
        "audio": [],
        "track": [],
        "video": [],
      },
    ],
    "jsx-a11y/mouse-events-have-key-events": [
      0,
    ],
    "jsx-a11y/no-access-key": [
      2,
    ],
    "jsx-a11y/no-autofocus": [
      2,
      {
        "ignoreNonDOM": true,
      },
    ],
    "jsx-a11y/no-distracting-elements": [
      2,
      {
        "elements": [
          "marquee",
          "blink",
        ],
      },
    ],
    "jsx-a11y/no-interactive-element-to-noninteractive-role": [
      2,
      {
        "tr": [
          "none",
          "presentation",
        ],
      },
    ],
    "jsx-a11y/no-noninteractive-element-interactions": [
      0,
      {
        "handlers": [
          "onClick",
          "onMouseDown",
          "onMouseUp",
          "onKeyPress",
          "onKeyDown",
          "onKeyUp",
        ],
      },
    ],
    "jsx-a11y/no-noninteractive-element-to-interactive-role": [
      2,
      {
        "li": [
          "menuitem",
          "option",
          "row",
          "tab",
          "treeitem",
        ],
        "ol": [
          "listbox",
          "menu",
          "menubar",
          "radiogroup",
          "tablist",
          "tree",
          "treegrid",
        ],
        "table": [
          "grid",
        ],
        "td": [
          "gridcell",
        ],
        "ul": [
          "listbox",
          "menu",
          "menubar",
          "radiogroup",
          "tablist",
          "tree",
          "treegrid",
        ],
      },
    ],
    "jsx-a11y/no-noninteractive-tabindex": [
      2,
      {
        "roles": [
          "tabpanel",
        ],
        "tags": [],
      },
    ],
    "jsx-a11y/no-redundant-roles": [
      2,
    ],
    "jsx-a11y/no-static-element-interactions": [
      0,
      {
        "handlers": [
          "onClick",
          "onMouseDown",
          "onMouseUp",
          "onKeyPress",
          "onKeyDown",
          "onKeyUp",
        ],
      },
    ],
    "jsx-a11y/role-has-required-aria-props": [
      2,
    ],
    "jsx-a11y/role-supports-aria-props": [
      2,
    ],
    "jsx-a11y/scope": [
      2,
    ],
    "jsx-a11y/tabindex-no-positive": [
      2,
    ],
    "jsx-quotes": [
      0,
      "prefer-double",
    ],
    "key-spacing": [
      2,
      {
        "afterColon": true,
        "beforeColon": false,
      },
    ],
    "keyword-spacing": [
      2,
      {
        "after": true,
        "before": true,
        "overrides": {
          "case": {
            "after": true,
          },
          "return": {
            "after": true,
          },
          "throw": {
            "after": true,
          },
        },
      },
    ],
    "line-comment-position": [
      0,
      {
        "applyDefaultPatterns": true,
        "ignorePattern": "",
        "position": "above",
      },
    ],
    "linebreak-style": [
      2,
      "unix",
    ],
    "lines-around-comment": [
      0,
    ],
    "lines-around-directive": [
      2,
      {
        "after": "always",
        "before": "always",
      },
    ],
    "logical-assignment-operators": [
      0,
      "always",
      {
        "enforceForIfStatements": true,
      },
    ],
    "max-classes-per-file": [
      2,
      1,
    ],
    "max-depth": [
      0,
      4,
    ],
    "max-len": [
      2,
      100,
      2,
      {
        "ignoreComments": false,
        "ignoreRegExpLiterals": true,
        "ignoreStrings": true,
        "ignoreTemplateLiterals": true,
        "ignoreUrls": true,
      },
    ],
    "max-lines": [
      0,
      {
        "max": 300,
        "skipBlankLines": true,
        "skipComments": true,
      },
    ],
    "max-lines-per-function": [
      0,
      {
        "IIFEs": true,
        "max": 50,
        "skipBlankLines": true,
        "skipComments": true,
      },
    ],
    "max-nested-callbacks": [
      0,
    ],
    "max-params": [
      0,
      3,
    ],
    "max-statements": [
      0,
      10,
    ],
    "max-statements-per-line": [
      0,
      {
        "max": 1,
      },
    ],
    "multiline-comment-style": [
      0,
      "starred-block",
    ],
    "multiline-ternary": [
      0,
      "never",
    ],
    "n/global-require": [
      2,
    ],
    "n/hashbang": [
      2,
    ],
    "n/no-deprecated-api": [
      2,
    ],
    "n/no-exports-assign": [
      2,
    ],
    "n/no-extraneous-import": [
      2,
    ],
    "n/no-extraneous-require": [
      2,
    ],
    "n/no-missing-import": [
      2,
    ],
    "n/no-missing-require": [
      2,
    ],
    "n/no-new-require": [
      2,
    ],
    "n/no-path-concat": [
      2,
    ],
    "n/no-process-exit": [
      2,
    ],
    "n/no-unpublished-bin": [
      2,
    ],
    "n/no-unpublished-import": [
      2,
    ],
    "n/no-unpublished-require": [
      2,
    ],
    "n/no-unsupported-features/es-builtins": [
      2,
    ],
    "n/no-unsupported-features/es-syntax": [
      2,
      {
        "ignores": [],
      },
    ],
    "n/no-unsupported-features/node-builtins": [
      2,
    ],
    "n/process-exit-as-throw": [
      2,
    ],
    "new-cap": [
      2,
      {
        "capIsNew": false,
        "capIsNewExceptions": [
          "Immutable.Map",
          "Immutable.Set",
          "Immutable.List",
        ],
        "newIsCap": true,
        "newIsCapExceptions": [],
        "properties": true,
      },
    ],
    "new-parens": [
      2,
    ],
    "newline-after-var": [
      0,
    ],
    "newline-before-return": [
      0,
    ],
    "newline-per-chained-call": [
      2,
      {
        "ignoreChainWithDepth": 4,
      },
    ],
    "no-alert": [
      2,
    ],
    "no-array-constructor": [
      0,
    ],
    "no-arrow-condition": [
      0,
    ],
    "no-async-promise-executor": [
      2,
    ],
    "no-await-in-loop": [
      2,
    ],
    "no-bitwise": [
      2,
    ],
    "no-caller": [
      2,
    ],
    "no-catch-shadow": [
      0,
    ],
    "no-class-assign": [
      2,
    ],
    "no-comma-dangle": [
      0,
    ],
    "no-compare-neg-zero": [
      2,
    ],
    "no-cond-assign": [
      2,
      "always",
    ],
    "no-confusing-arrow": [
      2,
      {
        "allowParens": true,
        "onlyOneSimpleParam": false,
      },
    ],
    "no-console": [
      1,
      {
        "allow": [
          "info",
          "warn",
          "error",
          "time",
          "timeEnd",
        ],
      },
    ],
    "no-const-assign": [
      0,
    ],
    "no-constant-binary-expression": [
      2,
    ],
    "no-constant-condition": [
      2,
    ],
    "no-constructor-return": [
      2,
    ],
    "no-continue": [
      2,
    ],
    "no-control-regex": [
      2,
    ],
    "no-debugger": [
      2,
    ],
    "no-delete-var": [
      2,
    ],
    "no-div-regex": [
      0,
    ],
    "no-dupe-args": [
      0,
    ],
    "no-dupe-class-members": [
      0,
    ],
    "no-dupe-else-if": [
      2,
    ],
    "no-dupe-keys": [
      0,
    ],
    "no-duplicate-case": [
      2,
    ],
    "no-duplicate-imports": [
      0,
    ],
    "no-else-return": [
      2,
      {
        "allowElseIf": false,
      },
    ],
    "no-empty": [
      2,
    ],
    "no-empty-character-class": [
      2,
    ],
    "no-empty-function": [
      0,
      {
        "allow": [
          "arrowFunctions",
          "functions",
          "methods",
          "constructors",
        ],
      },
    ],
    "no-empty-pattern": [
      2,
    ],
    "no-empty-static-block": [
      2,
    ],
    "no-eq-null": [
      0,
    ],
    "no-eval": [
      2,
    ],
    "no-ex-assign": [
      2,
    ],
    "no-extend-native": [
      2,
    ],
    "no-extra-bind": [
      2,
    ],
    "no-extra-boolean-cast": [
      2,
    ],
    "no-extra-label": [
      2,
    ],
    "no-extra-parens": [
      0,
      "all",
      {
        "conditionalAssign": true,
        "enforceForArrowConditionals": false,
        "ignoreJSX": "all",
        "nestedBinaryExpressions": false,
        "returnAssign": false,
      },
    ],
    "no-extra-semi": [
      2,
    ],
    "no-fallthrough": [
      2,
    ],
    "no-floating-decimal": [
      2,
    ],
    "no-func-assign": [
      0,
    ],
    "no-global-assign": [
      2,
      {
        "exceptions": [],
      },
    ],
    "no-implicit-coercion": [
      2,
      {
        "allow": [],
        "boolean": false,
        "disallowTemplateShorthand": false,
        "number": true,
        "string": true,
      },
    ],
    "no-implicit-globals": [
      2,
    ],
    "no-implied-eval": [
      0,
    ],
    "no-import-assign": [
      0,
    ],
    "no-inline-comments": [
      0,
    ],
    "no-inner-declarations": [
      2,
    ],
    "no-invalid-regexp": [
      2,
    ],
    "no-invalid-this": [
      2,
    ],
    "no-irregular-whitespace": [
      2,
    ],
    "no-iterator": [
      2,
    ],
    "no-label-var": [
      2,
    ],
    "no-labels": [
      2,
      {
        "allowLoop": false,
        "allowSwitch": false,
      },
    ],
    "no-lone-blocks": [
      2,
    ],
    "no-lonely-if": [
      2,
    ],
    "no-loop-func": [
      2,
    ],
    "no-loss-of-precision": [
      0,
    ],
    "no-magic-numbers": [
      0,
      {
        "detectObjects": false,
        "enforceConst": true,
        "ignore": [],
        "ignoreArrayIndexes": true,
      },
    ],
    "no-misleading-character-class": [
      2,
    ],
    "no-mixed-operators": [
      2,
      {
        "allowSamePrecedence": false,
        "groups": [
          [
            "%",
            "**",
          ],
          [
            "%",
            "+",
          ],
          [
            "%",
            "-",
          ],
          [
            "%",
            "*",
          ],
          [
            "%",
            "/",
          ],
          [
            "/",
            "*",
          ],
          [
            "&",
            "|",
            "<<",
            ">>",
            ">>>",
          ],
          [
            "==",
            "!=",
            "===",
            "!==",
          ],
          [
            "&&",
            "||",
          ],
        ],
      },
    ],
    "no-mixed-spaces-and-tabs": [
      2,
    ],
    "no-multi-assign": [
      2,
    ],
    "no-multi-spaces": [
      2,
      {
        "ignoreEOLComments": false,
      },
    ],
    "no-multi-str": [
      2,
    ],
    "no-multiple-empty-lines": [
      2,
      {
        "max": 1,
        "maxBOF": 0,
        "maxEOF": 0,
      },
    ],
    "no-native-reassign": [
      0,
    ],
    "no-negated-condition": [
      0,
    ],
    "no-nested-ternary": [
      0,
    ],
    "no-new": [
      2,
    ],
    "no-new-func": [
      2,
    ],
    "no-new-native-nonconstructor": [
      0,
    ],
    "no-new-object": [
      2,
    ],
    "no-new-symbol": [
      0,
    ],
    "no-new-wrappers": [
      2,
    ],
    "no-nonoctal-decimal-escape": [
      2,
    ],
    "no-obj-calls": [
      0,
    ],
    "no-object-constructor": [
      2,
    ],
    "no-octal": [
      2,
    ],
    "no-octal-escape": [
      2,
    ],
    "no-param-reassign": [
      2,
      {
        "ignorePropertyModificationsFor": [
          "acc",
          "accumulator",
          "e",
          "ctx",
          "context",
          "req",
          "request",
          "res",
          "response",
          "$scope",
          "staticContext",
        ],
        "props": true,
      },
    ],
    "no-plusplus": [
      2,
      {
        "allowForLoopAfterthoughts": true,
      },
    ],
    "no-promise-executor-return": [
      2,
    ],
    "no-proto": [
      2,
    ],
    "no-prototype-builtins": [
      2,
    ],
    "no-redeclare": [
      0,
    ],
    "no-regex-spaces": [
      2,
    ],
    "no-reserved-keys": [
      0,
    ],
    "no-restricted-exports": [
      2,
      {
        "restrictedNamedExports": [
          "default",
          "then",
        ],
      },
    ],
    "no-restricted-globals": [
      2,
      {
        "message": "Use Number.isFinite instead.",
        "name": "isFinite",
      },
      {
        "message": "Use Number.isNaN instead.",
        "name": "isNaN",
      },
      {
        "message": "Use window.addEventListener instead.",
        "name": "addEventListener",
      },
      {
        "message": "Use window.blur instead.",
        "name": "blur",
      },
      {
        "message": "Use window.close instead.",
        "name": "close",
      },
      {
        "message": "Use window.closed instead.",
        "name": "closed",
      },
      {
        "message": "Use window.confirm instead.",
        "name": "confirm",
      },
      {
        "message": "Use window.defaultStatus instead.",
        "name": "defaultStatus",
      },
      {
        "message": "Use window.defaultstatus instead.",
        "name": "defaultstatus",
      },
      {
        "message": "Use window.event instead.",
        "name": "event",
      },
      {
        "message": "Use window.external instead.",
        "name": "external",
      },
      {
        "message": "Use window.find instead.",
        "name": "find",
      },
      {
        "message": "Use window.focus instead.",
        "name": "focus",
      },
      {
        "message": "Use window.frameElement instead.",
        "name": "frameElement",
      },
      {
        "message": "Use window.frames instead.",
        "name": "frames",
      },
      {
        "message": "Use window.history instead.",
        "name": "history",
      },
      {
        "message": "Use window.innerHeight instead.",
        "name": "innerHeight",
      },
      {
        "message": "Use window.innerWidth instead.",
        "name": "innerWidth",
      },
      {
        "message": "Use window.length instead.",
        "name": "length",
      },
      {
        "message": "Use window.location instead.",
        "name": "location",
      },
      {
        "message": "Use window.locationbar instead.",
        "name": "locationbar",
      },
      {
        "message": "Use window.menubar instead.",
        "name": "menubar",
      },
      {
        "message": "Use window.moveBy instead.",
        "name": "moveBy",
      },
      {
        "message": "Use window.moveTo instead.",
        "name": "moveTo",
      },
      {
        "message": "Use window.name instead.",
        "name": "name",
      },
      {
        "message": "Use window.onblur instead.",
        "name": "onblur",
      },
      {
        "message": "Use window.onerror instead.",
        "name": "onerror",
      },
      {
        "message": "Use window.onfocus instead.",
        "name": "onfocus",
      },
      {
        "message": "Use window.onload instead.",
        "name": "onload",
      },
      {
        "message": "Use window.onresize instead.",
        "name": "onresize",
      },
      {
        "message": "Use window.onunload instead.",
        "name": "onunload",
      },
      {
        "message": "Use window.open instead.",
        "name": "open",
      },
      {
        "message": "Use window.opener instead.",
        "name": "opener",
      },
      {
        "message": "Use window.opera instead.",
        "name": "opera",
      },
      {
        "message": "Use window.outerHeight instead.",
        "name": "outerHeight",
      },
      {
        "message": "Use window.outerWidth instead.",
        "name": "outerWidth",
      },
      {
        "message": "Use window.pageXOffset instead.",
        "name": "pageXOffset",
      },
      {
        "message": "Use window.pageYOffset instead.",
        "name": "pageYOffset",
      },
      {
        "message": "Use window.parent instead.",
        "name": "parent",
      },
      {
        "message": "Use window.print instead.",
        "name": "print",
      },
      {
        "message": "Use window.removeEventListener instead.",
        "name": "removeEventListener",
      },
      {
        "message": "Use window.resizeBy instead.",
        "name": "resizeBy",
      },
      {
        "message": "Use window.resizeTo instead.",
        "name": "resizeTo",
      },
      {
        "message": "Use window.screen instead.",
        "name": "screen",
      },
      {
        "message": "Use window.screenLeft instead.",
        "name": "screenLeft",
      },
      {
        "message": "Use window.screenTop instead.",
        "name": "screenTop",
      },
      {
        "message": "Use window.screenX instead.",
        "name": "screenX",
      },
      {
        "message": "Use window.screenY instead.",
        "name": "screenY",
      },
      {
        "message": "Use window.scroll instead.",
        "name": "scroll",
      },
      {
        "message": "Use window.scrollbars instead.",
        "name": "scrollbars",
      },
      {
        "message": "Use window.scrollBy instead.",
        "name": "scrollBy",
      },
      {
        "message": "Use window.scrollTo instead.",
        "name": "scrollTo",
      },
      {
        "message": "Use window.scrollX instead.",
        "name": "scrollX",
      },
      {
        "message": "Use window.scrollY instead.",
        "name": "scrollY",
      },
      {
        "message": "Use window.self instead.",
        "name": "self",
      },
      {
        "message": "Use window.status instead.",
        "name": "status",
      },
      {
        "message": "Use window.statusbar instead.",
        "name": "statusbar",
      },
      {
        "message": "Use window.stop instead.",
        "name": "stop",
      },
      {
        "message": "Use window.toolbar instead.",
        "name": "toolbar",
      },
      {
        "message": "Use window.top instead.",
        "name": "top",
      },
    ],
    "no-restricted-imports": [
      2,
      {
        "paths": [],
      },
    ],
    "no-restricted-properties": [
      2,
      {
        "message": "arguments.callee is deprecated",
        "object": "arguments",
        "property": "callee",
      },
      {
        "message": "Please use Number.isFinite instead",
        "object": "global",
        "property": "isFinite",
      },
      {
        "message": "Please use Number.isFinite instead",
        "object": "self",
        "property": "isFinite",
      },
      {
        "message": "Please use Number.isFinite instead",
        "object": "window",
        "property": "isFinite",
      },
      {
        "message": "Please use Number.isNaN instead",
        "object": "global",
        "property": "isNaN",
      },
      {
        "message": "Please use Number.isNaN instead",
        "object": "self",
        "property": "isNaN",
      },
      {
        "message": "Please use Number.isNaN instead",
        "object": "window",
        "property": "isNaN",
      },
      {
        "message": "Please use Object.defineProperty instead.",
        "property": "__defineGetter__",
      },
      {
        "message": "Please use Object.defineProperty instead.",
        "property": "__defineSetter__",
      },
      {
        "message": "Use the exponentiation operator (**) instead.",
        "object": "Math",
        "property": "pow",
      },
    ],
    "no-restricted-syntax": [
      2,
      {
        "message": "for..in loops iterate over the entire prototype chain, which is virtually never what you want. Use Object.{keys,values,entries}, and iterate over the resulting array.",
        "selector": "ForInStatement",
      },
      {
        "message": "Labels are a form of GOTO; using them makes code confusing and hard to maintain and understand.",
        "selector": "LabeledStatement",
      },
      {
        "message": "\`with\` is disallowed in strict mode because it makes code impossible to predict and optimize.",
        "selector": "WithStatement",
      },
    ],
    "no-return-assign": [
      2,
      "always",
    ],
    "no-return-await": [
      2,
    ],
    "no-script-url": [
      2,
    ],
    "no-self-assign": [
      2,
      {
        "props": true,
      },
    ],
    "no-self-compare": [
      2,
    ],
    "no-sequences": [
      2,
    ],
    "no-setter-return": [
      0,
    ],
    "no-shadow": [
      0,
    ],
    "no-shadow-restricted-names": [
      2,
    ],
    "no-space-before-semi": [
      0,
    ],
    "no-spaced-func": [
      0,
    ],
    "no-sparse-arrays": [
      2,
    ],
    "no-tabs": [
      2,
    ],
    "no-template-curly-in-string": [
      2,
    ],
    "no-ternary": [
      0,
    ],
    "no-this-before-super": [
      0,
    ],
    "no-throw-literal": [
      0,
    ],
    "no-trailing-spaces": [
      2,
      {
        "ignoreComments": false,
        "skipBlankLines": false,
      },
    ],
    "no-undef": [
      0,
    ],
    "no-undef-init": [
      2,
    ],
    "no-undefined": [
      0,
    ],
    "no-underscore-dangle": [
      2,
      {
        "allow": [],
        "allowAfterSuper": false,
        "allowAfterThis": false,
        "allowAfterThisConstructor": false,
        "allowFunctionParams": true,
        "allowInArrayDestructuring": true,
        "allowInObjectDestructuring": true,
        "enforceInClassFields": false,
        "enforceInMethodNames": true,
      },
    ],
    "no-unexpected-multiline": [
      2,
    ],
    "no-unmodified-loop-condition": [
      0,
    ],
    "no-unneeded-ternary": [
      2,
      {
        "defaultAssignment": false,
      },
    ],
    "no-unreachable": [
      0,
    ],
    "no-unreachable-loop": [
      2,
      {
        "ignore": [],
      },
    ],
    "no-unsafe-finally": [
      2,
    ],
    "no-unsafe-negation": [
      0,
    ],
    "no-unsafe-optional-chaining": [
      2,
      {
        "disallowArithmeticOperators": true,
      },
    ],
    "no-unused-expressions": [
      0,
      {
        "allowShortCircuit": true,
        "allowTaggedTemplates": true,
        "allowTernary": true,
        "enforceForJSX": false,
      },
    ],
    "no-unused-labels": [
      2,
    ],
    "no-unused-private-class-members": [
      0,
    ],
    "no-unused-vars": [
      0,
      {
        "args": "after-used",
        "ignoreRestSiblings": true,
        "vars": "all",
      },
    ],
    "no-use-before-define": [
      0,
    ],
    "no-useless-backreference": [
      2,
    ],
    "no-useless-call": [
      0,
    ],
    "no-useless-catch": [
      2,
    ],
    "no-useless-computed-key": [
      2,
    ],
    "no-useless-concat": [
      2,
    ],
    "no-useless-constructor": [
      0,
    ],
    "no-useless-escape": [
      2,
    ],
    "no-useless-rename": [
      2,
      {
        "ignoreDestructuring": false,
        "ignoreExport": false,
        "ignoreImport": false,
      },
    ],
    "no-useless-return": [
      2,
    ],
    "no-var": [
      2,
    ],
    "no-void": [
      2,
    ],
    "no-warning-comments": [
      0,
      {
        "location": "start",
        "terms": [
          "todo",
          "fixme",
          "xxx",
        ],
      },
    ],
    "no-whitespace-before-property": [
      2,
    ],
    "no-with": [
      2,
    ],
    "no-wrap-func": [
      0,
    ],
    "nonblock-statement-body-position": [
      2,
      "beside",
      {
        "overrides": {},
      },
    ],
    "object-curly-newline": [
      2,
      {
        "ExportDeclaration": {
          "consistent": true,
          "minProperties": 4,
          "multiline": true,
        },
        "ImportDeclaration": {
          "consistent": true,
          "minProperties": 4,
          "multiline": true,
        },
        "ObjectExpression": {
          "consistent": true,
          "minProperties": 4,
          "multiline": true,
        },
        "ObjectPattern": {
          "consistent": true,
          "minProperties": 4,
          "multiline": true,
        },
      },
    ],
    "object-curly-spacing": [
      2,
      "always",
    ],
    "object-property-newline": [
      2,
      {
        "allowAllPropertiesOnSameLine": true,
        "allowMultiplePropertiesPerLine": false,
      },
    ],
    "object-shorthand": [
      2,
      "always",
      {
        "avoidQuotes": true,
        "ignoreConstructors": false,
      },
    ],
    "one-var": [
      2,
      "never",
    ],
    "one-var-declaration-per-line": [
      2,
      "always",
    ],
    "operator-assignment": [
      2,
      "always",
    ],
    "operator-linebreak": [
      2,
      "before",
      {
        "overrides": {
          "=": "none",
        },
      },
    ],
    "padded-blocks": [
      2,
      {
        "blocks": "never",
        "classes": "never",
        "switches": "never",
      },
      {
        "allowSingleLineBlocks": true,
      },
    ],
    "padding-line-between-statements": [
      0,
    ],
    "prefer-arrow-callback": [
      2,
      {
        "allowNamedFunctions": false,
        "allowUnboundThis": true,
      },
    ],
    "prefer-const": [
      2,
      {
        "destructuring": "any",
        "ignoreReadBeforeAssign": true,
      },
    ],
    "prefer-destructuring": [
      2,
      {
        "AssignmentExpression": {
          "array": true,
          "object": false,
        },
        "VariableDeclarator": {
          "array": false,
          "object": true,
        },
      },
      {
        "enforceForRenamedProperties": false,
      },
    ],
    "prefer-exponentiation-operator": [
      2,
    ],
    "prefer-named-capture-group": [
      0,
    ],
    "prefer-numeric-literals": [
      2,
    ],
    "prefer-object-has-own": [
      2,
    ],
    "prefer-object-spread": [
      2,
    ],
    "prefer-promise-reject-errors": [
      0,
      {
        "allowEmptyReject": true,
      },
    ],
    "prefer-reflect": [
      0,
    ],
    "prefer-regex-literals": [
      2,
      {
        "disallowRedundantWrapping": true,
      },
    ],
    "prefer-rest-params": [
      2,
    ],
    "prefer-spread": [
      2,
    ],
    "prefer-template": [
      2,
    ],
    "promise/always-return": [
      1,
      {
        "ignoreLastCallback": true,
      },
    ],
    "promise/avoid-new": [
      0,
    ],
    "promise/catch-or-return": [
      2,
    ],
    "promise/no-callback-in-promise": [
      1,
    ],
    "promise/no-native": [
      0,
    ],
    "promise/no-nesting": [
      0,
    ],
    "promise/no-new-statics": [
      2,
    ],
    "promise/no-promise-in-callback": [
      1,
    ],
    "promise/no-return-in-finally": [
      1,
    ],
    "promise/no-return-wrap": [
      2,
    ],
    "promise/param-names": [
      2,
    ],
    "promise/valid-params": [
      1,
    ],
    "quote-props": [
      2,
      "as-needed",
      {
        "keywords": false,
        "numbers": false,
        "unnecessary": true,
      },
    ],
    "quotes": [
      2,
      "single",
      {
        "avoidEscape": true,
      },
    ],
    "radix": [
      2,
    ],
    "react-hooks/exhaustive-deps": [
      2,
    ],
    "react-hooks/rules-of-hooks": [
      0,
    ],
    "react/boolean-prop-naming": [
      0,
      {
        "message": "",
        "propTypeNames": [
          "bool",
          "mutuallyExclusiveTrueProps",
        ],
        "rule": "^(is|has)[A-Z]([A-Za-z0-9]?)+",
      },
    ],
    "react/button-has-type": [
      0,
    ],
    "react/default-props-match-prop-types": [
      0,
    ],
    "react/destructuring-assignment": [
      2,
      "always",
    ],
    "react/display-name": [
      0,
      {
        "ignoreTranspilerName": false,
      },
    ],
    "react/forbid-component-props": [
      0,
      {
        "forbid": [
          {
            "disallowedFor": [
              "SomeComponent",
              "AnotherComponent",
            ],
            "message": "Avoid using forbidProp for SomeComponent and AnotherComponent",
            "propName": "forbidProp",
          },
        ],
      },
    ],
    "react/forbid-elements": [
      0,
      {
        "forbid": [
          {
            "element": "ForbidElement",
            "message": "Use \`AnotherElement\` instead.",
          },
        ],
      },
    ],
    "react/forbid-foreign-prop-types": [
      0,
    ],
    "react/function-component-definition": [
      2,
      {
        "namedComponents": "arrow-function",
        "unnamedComponents": "arrow-function",
      },
    ],
    "react/hook-use-state": [
      2,
    ],
    "react/iframe-missing-sandbox": [
      2,
    ],
    "react/jsx-boolean-value": [
      2,
      "never",
      {
        "always": [],
      },
    ],
    "react/jsx-child-element-spacing": [
      2,
    ],
    "react/jsx-closing-bracket-location": [
      2,
      "line-aligned",
    ],
    "react/jsx-closing-tag-location": [
      2,
    ],
    "react/jsx-curly-brace-presence": [
      2,
      {
        "children": "never",
        "props": "never",
      },
    ],
    "react/jsx-curly-newline": [
      2,
      {
        "multiline": "consistent",
        "singleline": "consistent",
      },
    ],
    "react/jsx-curly-spacing": [
      2,
      "never",
      {
        "allowMultiline": true,
      },
    ],
    "react/jsx-equals-spacing": [
      2,
      "never",
    ],
    "react/jsx-filename-extension": [
      2,
      {
        "extensions": [
          ".jsx",
          ".tsx",
        ],
      },
    ],
    "react/jsx-first-prop-new-line": [
      2,
      "multiline-multiprop",
    ],
    "react/jsx-fragments": [
      2,
      "syntax",
    ],
    "react/jsx-handler-names": [
      2,
      {
        "eventHandlerPrefix": "handle",
        "eventHandlerPropPrefix": "on",
      },
    ],
    "react/jsx-indent": [
      2,
      2,
    ],
    "react/jsx-indent-props": [
      2,
      2,
    ],
    "react/jsx-key": [
      2,
    ],
    "react/jsx-max-props-per-line": [
      2,
      {
        "maximum": 1,
        "when": "multiline",
      },
    ],
    "react/jsx-newline": [
      0,
    ],
    "react/jsx-no-bind": [
      2,
      {
        "allowArrowFunctions": true,
        "allowBind": false,
        "allowFunctions": false,
        "ignoreDOMComponents": true,
        "ignoreRefs": true,
      },
    ],
    "react/jsx-no-comment-textnodes": [
      2,
    ],
    "react/jsx-no-constructed-context-values": [
      2,
    ],
    "react/jsx-no-duplicate-props": [
      2,
      {
        "ignoreCase": true,
      },
    ],
    "react/jsx-no-leaked-render": [
      2,
    ],
    "react/jsx-no-script-url": [
      2,
      [
        {
          "name": "Link",
          "props": [
            "to",
          ],
        },
      ],
    ],
    "react/jsx-no-target-blank": [
      2,
      {
        "enforceDynamicLinks": "always",
        "forms": false,
        "links": true,
      },
    ],
    "react/jsx-no-undef": [
      2,
    ],
    "react/jsx-no-useless-fragment": [
      2,
    ],
    "react/jsx-one-expression-per-line": [
      2,
      {
        "allow": "single-child",
      },
    ],
    "react/jsx-pascal-case": [
      2,
      {
        "allowAllCaps": true,
      },
    ],
    "react/jsx-props-no-multi-spaces": [
      2,
    ],
    "react/jsx-props-no-spreading": [
      2,
      {
        "custom": "enforce",
        "exceptions": [],
        "explicitSpread": "ignore",
        "html": "enforce",
      },
    ],
    "react/jsx-sort-props": [
      2,
      {
        "callbacksLast": true,
        "ignoreCase": true,
        "locale": "auto",
        "multiline": "ignore",
        "noSortAlphabetically": true,
        "reservedFirst": true,
        "shorthandFirst": true,
      },
    ],
    "react/jsx-space-before-closing": [
      0,
    ],
    "react/jsx-tag-spacing": [
      2,
      {
        "afterOpening": "never",
        "beforeClosing": "never",
        "beforeSelfClosing": "always",
        "closingSlash": "never",
      },
    ],
    "react/jsx-uses-react": [
      0,
    ],
    "react/jsx-uses-vars": [
      0,
    ],
    "react/jsx-wrap-multilines": [
      2,
      {
        "arrow": "parens-new-line",
        "assignment": "parens-new-line",
        "condition": "parens-new-line",
        "declaration": "parens-new-line",
        "logical": "parens-new-line",
        "prop": "parens-new-line",
        "return": "parens-new-line",
      },
    ],
    "react/no-access-state-in-setstate": [
      2,
    ],
    "react/no-array-index-key": [
      0,
    ],
    "react/no-arrow-function-lifecycle": [
      2,
    ],
    "react/no-children-prop": [
      2,
    ],
    "react/no-danger": [
      1,
    ],
    "react/no-danger-with-children": [
      2,
    ],
    "react/no-deprecated": [
      2,
    ],
    "react/no-did-mount-set-state": [
      0,
    ],
    "react/no-did-update-set-state": [
      2,
    ],
    "react/no-direct-mutation-state": [
      2,
    ],
    "react/no-find-dom-node": [
      2,
    ],
    "react/no-invalid-html-attribute": [
      2,
    ],
    "react/no-is-mounted": [
      2,
    ],
    "react/no-namespace": [
      2,
    ],
    "react/no-redundant-should-component-update": [
      0,
    ],
    "react/no-render-return-value": [
      2,
    ],
    "react/no-string-refs": [
      2,
    ],
    "react/no-this-in-sfc": [
      2,
    ],
    "react/no-typos": [
      2,
    ],
    "react/no-unescaped-entities": [
      2,
    ],
    "react/no-unknown-property": [
      2,
    ],
    "react/no-unsafe": [
      0,
    ],
    "react/no-unstable-nested-components": [
      2,
    ],
    "react/no-unused-prop-types": [
      2,
      {
        "customValidators": [],
        "skipShapeProps": true,
      },
    ],
    "react/no-unused-state": [
      2,
    ],
    "react/no-will-update-set-state": [
      2,
    ],
    "react/prefer-es6-class": [
      2,
      "always",
    ],
    "react/prefer-exact-props": [
      0,
    ],
    "react/prefer-stateless-function": [
      2,
      {
        "ignorePureComponents": true,
      },
    ],
    "react/prop-types": [
      2,
      {
        "customValidators": [],
        "ignore": [],
        "skipUndeclared": false,
      },
    ],
    "react/react-in-jsx-scope": [
      0,
    ],
    "react/require-default-props": [
      0,
    ],
    "react/require-render-return": [
      2,
    ],
    "react/self-closing-comp": [
      2,
    ],
    "react/sort-comp": [
      2,
      {
        "groups": {
          "lifecycle": [
            "displayName",
            "propTypes",
            "contextTypes",
            "childContextTypes",
            "mixins",
            "statics",
            "defaultProps",
            "constructor",
            "getDefaultProps",
            "getInitialState",
            "state",
            "getChildContext",
            "getDerivedStateFromProps",
            "componentWillMount",
            "UNSAFE_componentWillMount",
            "componentDidMount",
            "componentWillReceiveProps",
            "UNSAFE_componentWillReceiveProps",
            "shouldComponentUpdate",
            "componentWillUpdate",
            "UNSAFE_componentWillUpdate",
            "getSnapshotBeforeUpdate",
            "componentDidUpdate",
            "componentDidCatch",
            "componentWillUnmount",
          ],
          "rendering": [
            "/^render.+$/",
            "render",
          ],
        },
        "order": [
          "static-variables",
          "static-methods",
          "instance-variables",
          "lifecycle",
          "/^handle.+$/",
          "/^on.+$/",
          "getters",
          "setters",
          "/^(get|set)(?!(InitialState$|DefaultProps$|ChildContext$)).+$/",
          "instance-methods",
          "everything-else",
          "rendering",
        ],
      },
    ],
    "react/state-in-constructor": [
      2,
      "always",
    ],
    "react/static-property-placement": [
      2,
      "property assignment",
    ],
    "react/style-prop-object": [
      2,
    ],
    "react/void-dom-elements-no-children": [
      2,
    ],
    "require-atomic-updates": [
      0,
    ],
    "require-await": [
      0,
    ],
    "require-jsdoc": [
      0,
    ],
    "require-unicode-regexp": [
      0,
    ],
    "rest-spread-spacing": [
      2,
      "never",
    ],
    "semi": [
      2,
      "always",
    ],
    "semi-spacing": [
      2,
      {
        "after": true,
        "before": false,
      },
    ],
    "semi-style": [
      2,
      "last",
    ],
    "sort-imports": [
      0,
      {
        "ignoreCase": false,
        "ignoreDeclarationSort": false,
        "ignoreMemberSort": false,
        "memberSyntaxSortOrder": [
          "none",
          "all",
          "multiple",
          "single",
        ],
      },
    ],
    "sort-keys": [
      0,
      "asc",
      {
        "caseSensitive": false,
        "natural": true,
      },
    ],
    "sort-vars": [
      0,
    ],
    "space-after-function-name": [
      0,
    ],
    "space-after-keywords": [
      0,
    ],
    "space-before-blocks": [
      2,
    ],
    "space-before-function-paren": [
      2,
      {
        "anonymous": "always",
        "asyncArrow": "always",
        "named": "never",
      },
    ],
    "space-before-function-parentheses": [
      0,
    ],
    "space-before-keywords": [
      0,
    ],
    "space-in-brackets": [
      0,
    ],
    "space-in-parens": [
      2,
      "never",
    ],
    "space-infix-ops": [
      2,
    ],
    "space-return-throw-case": [
      0,
    ],
    "space-unary-ops": [
      2,
      {
        "nonwords": false,
        "overrides": {},
        "words": true,
      },
    ],
    "space-unary-word-ops": [
      0,
    ],
    "spaced-comment": [
      2,
      "always",
      {
        "block": {
          "balanced": true,
          "exceptions": [
            "-",
            "+",
          ],
          "markers": [
            "=",
            "!",
            ":",
            "::",
          ],
        },
        "line": {
          "exceptions": [
            "-",
            "+",
          ],
          "markers": [
            "=",
            "!",
            "/",
          ],
        },
      },
    ],
    "standard/array-bracket-even-spacing": [
      0,
    ],
    "standard/computed-property-even-spacing": [
      0,
    ],
    "standard/object-curly-even-spacing": [
      0,
    ],
    "storybook/await-interactions": [
      2,
    ],
    "storybook/context-in-play-function": [
      2,
    ],
    "storybook/default-exports": [
      2,
    ],
    "storybook/hierarchy-separator": [
      1,
    ],
    "storybook/no-redundant-story-name": [
      1,
    ],
    "storybook/no-stories-of": [
      2,
    ],
    "storybook/no-title-property-in-meta": [
      2,
    ],
    "storybook/prefer-pascal-case": [
      1,
    ],
    "storybook/story-exports": [
      2,
    ],
    "storybook/use-storybook-expect": [
      2,
    ],
    "storybook/use-storybook-testing-library": [
      2,
    ],
    "switch-colon-spacing": [
      2,
      {
        "after": true,
        "before": false,
      },
    ],
    "symbol-description": [
      2,
    ],
    "template-curly-spacing": [
      2,
    ],
    "template-tag-spacing": [
      2,
      "never",
    ],
    "unicode-bom": [
      2,
      "never",
    ],
    "unicorn/empty-brace-spaces": [
      0,
    ],
    "unicorn/no-nested-ternary": [
      0,
    ],
    "unicorn/number-literal-case": [
      0,
    ],
    "unicorn/template-indent": [
      0,
    ],
    "use-isnan": [
      2,
    ],
    "valid-typeof": [
      2,
      {
        "requireStringLiterals": true,
      },
    ],
    "vars-on-top": [
      2,
    ],
    "vue/array-bracket-newline": [
      0,
    ],
    "vue/array-bracket-spacing": [
      0,
    ],
    "vue/array-element-newline": [
      0,
    ],
    "vue/arrow-spacing": [
      0,
    ],
    "vue/block-spacing": [
      0,
    ],
    "vue/block-tag-newline": [
      0,
    ],
    "vue/brace-style": [
      0,
    ],
    "vue/comma-dangle": [
      0,
    ],
    "vue/comma-spacing": [
      0,
    ],
    "vue/comma-style": [
      0,
    ],
    "vue/dot-location": [
      0,
    ],
    "vue/func-call-spacing": [
      0,
    ],
    "vue/html-closing-bracket-newline": [
      0,
    ],
    "vue/html-closing-bracket-spacing": [
      0,
    ],
    "vue/html-end-tags": [
      0,
    ],
    "vue/html-indent": [
      0,
    ],
    "vue/html-quotes": [
      0,
    ],
    "vue/html-self-closing": [
      0,
    ],
    "vue/key-spacing": [
      0,
    ],
    "vue/keyword-spacing": [
      0,
    ],
    "vue/max-attributes-per-line": [
      0,
    ],
    "vue/max-len": [
      0,
    ],
    "vue/multiline-html-element-content-newline": [
      0,
    ],
    "vue/multiline-ternary": [
      0,
    ],
    "vue/mustache-interpolation-spacing": [
      0,
    ],
    "vue/no-extra-parens": [
      0,
    ],
    "vue/no-multi-spaces": [
      0,
    ],
    "vue/no-spaces-around-equal-signs-in-attribute": [
      0,
    ],
    "vue/object-curly-newline": [
      0,
    ],
    "vue/object-curly-spacing": [
      0,
    ],
    "vue/object-property-newline": [
      0,
    ],
    "vue/operator-linebreak": [
      0,
    ],
    "vue/quote-props": [
      0,
    ],
    "vue/script-indent": [
      0,
    ],
    "vue/singleline-html-element-content-newline": [
      0,
    ],
    "vue/space-in-parens": [
      0,
    ],
    "vue/space-infix-ops": [
      0,
    ],
    "vue/space-unary-ops": [
      0,
    ],
    "vue/template-curly-spacing": [
      0,
    ],
    "wrap-iife": [
      2,
      "outside",
      {
        "functionPrototypeMethods": false,
      },
    ],
    "wrap-regex": [
      0,
    ],
    "yield-star-spacing": [
      2,
      "after",
    ],
    "yoda": [
      2,
    ],
  },
  "settings": {
    "import/core-modules": [],
    "import/extensions": [
      ".js",
      ".mjs",
      ".jsx",
    ],
    "import/ignore": [
      "node_modules",
      "\\.(coffee|scss|css|less|hbs|svg|json|jpg|jpeg|png|webp)$",
    ],
    "import/resolver": {
      "node": {
        "extensions": [
          ".js",
          ".mjs",
          ".json",
        ],
      },
    },
    "react": {
      "version": "detect",
    },
  },
}
`;
